Component: ARM Compiler 5.06 update 4 (build 422) Tool: armlink [4d35d2]

==============================================================================

Section Cross References

    startup_stm32f103xb.o(RESET) refers to startup_stm32f103xb.o(STACK) for __initial_sp
    startup_stm32f103xb.o(RESET) refers to startup_stm32f103xb.o(.text) for Reset_Handler
    startup_stm32f103xb.o(RESET) refers to stm32f1xx_it.o(i.NMI_Handler) for NMI_Handler
    startup_stm32f103xb.o(RESET) refers to stm32f1xx_it.o(i.HardFault_Handler) for HardFault_Handler
    startup_stm32f103xb.o(RESET) refers to stm32f1xx_it.o(i.MemManage_Handler) for MemManage_Handler
    startup_stm32f103xb.o(RESET) refers to stm32f1xx_it.o(i.BusFault_Handler) for BusFault_Handler
    startup_stm32f103xb.o(RESET) refers to stm32f1xx_it.o(i.UsageFault_Handler) for UsageFault_Handler
    startup_stm32f103xb.o(RESET) refers to port.o(.emb_text) for SVC_Handler
    startup_stm32f103xb.o(RESET) refers to stm32f1xx_it.o(i.DebugMon_Handler) for DebugMon_Handler
    startup_stm32f103xb.o(RESET) refers to stm32f1xx_it.o(i.SysTick_Handler) for SysTick_Handler
    startup_stm32f103xb.o(RESET) refers to stm32f1xx_it.o(i.DMA1_Channel4_IRQHandler) for DMA1_Channel4_IRQHandler
    startup_stm32f103xb.o(RESET) refers to stm32f1xx_it.o(i.DMA1_Channel5_IRQHandler) for DMA1_Channel5_IRQHandler
    startup_stm32f103xb.o(RESET) refers to stm32f1xx_it.o(i.TIM4_IRQHandler) for TIM4_IRQHandler
    startup_stm32f103xb.o(RESET) refers to stm32f1xx_it.o(i.USART1_IRQHandler) for USART1_IRQHandler
    startup_stm32f103xb.o(.text) refers to system_stm32f1xx.o(i.SystemInit) for SystemInit
    startup_stm32f103xb.o(.text) refers to entry.o(.ARM.Collect$$$$00000000) for __main
    userfunc.o(i.Flash_Write) refers to stm32f1xx_hal_flash.o(i.HAL_FLASH_Unlock) for HAL_FLASH_Unlock
    userfunc.o(i.Flash_Write) refers to stm32f1xx_hal_flash_ex.o(i.HAL_FLASHEx_Erase) for HAL_FLASHEx_Erase
    userfunc.o(i.Flash_Write) refers to stm32f1xx_hal_flash.o(i.HAL_FLASH_Program) for HAL_FLASH_Program
    userfunc.o(i.Flash_Write) refers to stm32f1xx_hal_flash.o(i.HAL_FLASH_Lock) for HAL_FLASH_Lock
    userfunc.o(i.Get_AGS01DB_Data) refers to tasks.o(i.vTaskSuspendAll) for vTaskSuspendAll
    userfunc.o(i.Get_AGS01DB_Data) refers to stm32f1xx_hal_i2c.o(i.HAL_I2C_Master_Transmit) for HAL_I2C_Master_Transmit
    userfunc.o(i.Get_AGS01DB_Data) refers to tasks.o(i.xTaskResumeAll) for xTaskResumeAll
    userfunc.o(i.Get_AGS01DB_Data) refers to cmsis_os.o(i.osDelay) for osDelay
    userfunc.o(i.Get_AGS01DB_Data) refers to stm32f1xx_hal_i2c.o(i.HAL_I2C_Master_Receive) for HAL_I2C_Master_Receive
    userfunc.o(i.Get_AGS01DB_Data) refers to userfunc.o(i.AGS01DB_Calc_CRC8) for AGS01DB_Calc_CRC8
    userfunc.o(i.Get_AGS01DB_Data) refers to userfunc.o(.bss) for .bss
    userfunc.o(i.Get_AGS01DB_Data) refers to i2c.o(.bss) for hi2c1
    userfunc.o(i.Init_FirstTime) refers to strncpy.o(.text) for strncpy
    userfunc.o(i.Init_FirstTime) refers to userfunc.o(i.RecordInEEPROM) for RecordInEEPROM
    userfunc.o(i.Init_FirstTime) refers to printf6.o(i.__0snprintf$6) for __2snprintf
    userfunc.o(i.Init_FirstTime) refers to strlen.o(.text) for strlen
    userfunc.o(i.Init_FirstTime) refers to stm32f1xx_hal_uart.o(i.HAL_UART_Transmit_DMA) for HAL_UART_Transmit_DMA
    userfunc.o(i.Init_FirstTime) refers to cmsis_os.o(i.osDelay) for osDelay
    userfunc.o(i.Init_FirstTime) refers to userfunc.o(.bss) for .bss
    userfunc.o(i.Init_FirstTime) refers to usart.o(.bss) for UsartTx
    userfunc.o(i.Init_FirstTime) refers to usart.o(.bss) for huart1
    userfunc.o(i.Init_SecondTime) refers to printf6.o(i.__0snprintf$6) for __2snprintf
    userfunc.o(i.Init_SecondTime) refers to strlen.o(.text) for strlen
    userfunc.o(i.Init_SecondTime) refers to stm32f1xx_hal_uart.o(i.HAL_UART_Transmit_DMA) for HAL_UART_Transmit_DMA
    userfunc.o(i.Init_SecondTime) refers to cmsis_os.o(i.osDelay) for osDelay
    userfunc.o(i.Init_SecondTime) refers to usart.o(.bss) for UsartTx
    userfunc.o(i.Init_SecondTime) refers to usart.o(.bss) for huart1
    userfunc.o(i.Init_SecondTime) refers to userfunc.o(.bss) for .bss
    userfunc.o(i.ReadEEPROM) refers to memseta.o(.text) for __aeabi_memclr4
    userfunc.o(i.ReadEEPROM) refers to userfunc.o(i.Flash_Read) for Flash_Read
    userfunc.o(i.ReadEEPROM) refers to memcpya.o(.text) for __aeabi_memcpy
    userfunc.o(i.ReadEEPROM) refers to userfunc.o(.bss) for .bss
    userfunc.o(i.RecordInEEPROM) refers to memseta.o(.text) for __aeabi_memclr4
    userfunc.o(i.RecordInEEPROM) refers to memcpya.o(.text) for __aeabi_memcpy
    userfunc.o(i.RecordInEEPROM) refers to userfunc.o(i.Flash_Write) for Flash_Write
    userfunc.o(i.RecordInEEPROM) refers to userfunc.o(.bss) for .bss
    userfunc.o(i.Refresh_Set) refers to tasks.o(i.vTaskSuspendAll) for vTaskSuspendAll
    userfunc.o(i.Refresh_Set) refers to userfunc.o(i.RecordInEEPROM) for RecordInEEPROM
[...]
    ..\Src\gpio.c                            0x00000000   Number         0  gpio.o ABSOLUTE
    ..\Src\i2c.c                             0x00000000   Number         0  i2c.o ABSOLUTE
    ..\Src\main.c                            0x00000000   Number         0  main.o ABSOLUTE
    ..\Src\stm32f1xx_hal_msp.c               0x00000000   Number         0  stm32f1xx_hal_msp.o ABSOLUTE
    ..\Src\stm32f1xx_hal_timebase_TIM.c      0x00000000   Number         0  stm32f1xx_hal_timebase_tim.o ABSOLUTE
    ..\Src\stm32f1xx_it.c                    0x00000000   Number         0  stm32f1xx_it.o ABSOLUTE
    ..\Src\usart.c                           0x00000000   Number         0  usart.o ABSOLUTE
    ..\\Src\\UserFunc.c                      0x00000000   Number         0  userfunc.o ABSOLUTE
    ..\\Src\system_stm32f1xx.c               0x00000000   Number         0  system_stm32f1xx.o ABSOLUTE
    cdrcmple.s                               0x00000000   Number         0  cdrcmple.o ABSOLUTE
    dc.s                                     0x00000000   Number         0  dc.o ABSOLUTE
    handlers.s                               0x00000000   Number         0  handlers.o ABSOLUTE
    init.s                                   0x00000000   Number         0  init.o ABSOLUTE
    startup_stm32f103xb.s                    0x00000000   Number         0  startup_stm32f103xb.o ABSOLUTE
    RESET                                    0x08000000   Section      236  startup_stm32f103xb.o(RESET)
    .ARM.Collect$$$$00000000                 0x080000ec   Section        0  entry.o(.ARM.Collect$$$$00000000)
    .ARM.Collect$$$$00000001                 0x080000ec   Section        4  entry2.o(.ARM.Collect$$$$00000001)
    .ARM.Collect$$$$00000004                 0x080000f0   Section        4  entry5.o(.ARM.Collect$$$$00000004)
    .ARM.Collect$$$$00000008                 0x080000f4   Section        0  entry7b.o(.ARM.Collect$$$$00000008)
    .ARM.Collect$$$$0000000A                 0x080000f4   Section        0  entry8b.o(.ARM.Collect$$$$0000000A)
    .ARM.Collect$$$$0000000B                 0x080000f4   Section        8  entry9a.o(.ARM.Collect$$$$0000000B)
    .ARM.Collect$$$$0000000D                 0x080000fc   Section        0  entry10a.o(.ARM.Collect$$$$0000000D)
    .ARM.Collect$$$$0000000F                 0x080000fc   Section        0  entry11a.o(.ARM.Collect$$$$0000000F)
    .ARM.Collect$$$$00002712                 0x080000fc   Section        4  entry2.o(.ARM.Collect$$$$00002712)
    __lit__00000000                          0x080000fc   Data           4  entry2.o(.ARM.Collect$$$$00002712)
    .emb_text                                0x08000100   Section      150  port.o(.emb_text)
    .text                                    0x08000198   Section       36  startup_stm32f103xb.o(.text)
    .text                                    0x080001bc   Section        0  llushr.o(.text)
    .text                                    0x080001dc   Section        0  memcpya.o(.text)
    .text                                    0x08000200   Section        0  memseta.o(.text)
    .text                                    0x08000224   Section        0  strncpy.o(.text)
    .text                                    0x0800023c   Section        0  strlen.o(.text)
    .text                                    0x0800024a   Section        0  uidiv.o(.text)
    .text                                    0x08000278   Section       36  init.o(.text)
    i.BusFault_Handler                       0x0800029c   Section        0  stm32f1xx_it.o(i.BusFault_Handler)
    i.DMA1_Channel4_IRQHandler               0x080002a0   Section        0  stm32f1xx_it.o(i.DMA1_Channel4_IRQHandler)
    i.DMA1_Channel5_IRQHandler               0x080002ac   Section        0  stm32f1xx_it.o(i.DMA1_Channel5_IRQHandler)
    i.DMA_SetConfig                          0x080002b8   Section        0  stm32f1xx_hal_dma.o(i.DMA_SetConfig)
    DMA_SetConfig                            0x080002b9   Thumb Code    42  stm32f1xx_hal_dma.o(i.DMA_SetConfig)
    i.DebugMon_Handler                       0x080002e2   Section        0  stm32f1xx_it.o(i.DebugMon_Handler)
    i.FLASH_MassErase                        0x080002e4   Section        0  stm32f1xx_hal_flash_ex.o(i.FLASH_MassErase)
    FLASH_MassErase                          0x080002e5   Thumb Code    26  stm32f1xx_hal_flash_ex.o(i.FLASH_MassErase)
    i.FLASH_PageErase                        0x08000308   Section        0  stm32f1xx_hal_flash_ex.o(i.FLASH_PageErase)
    i.FLASH_Program_HalfWord                 0x0800032c   Section        0  stm32f1xx_hal_flash.o(i.FLASH_Program_HalfWord)
    FLASH_Program_HalfWord                   0x0800032d   Thumb Code    20  stm32f1xx_hal_flash.o(i.FLASH_Program_HalfWord)
    i.FLASH_SetErrorCode                     0x08000348   Section        0  stm32f1xx_hal_flash.o(i.FLASH_SetErrorCode)
    FLASH_SetErrorCode                       0x08000349   Thumb Code    84  stm32f1xx_hal_flash.o(i.FLASH_SetErrorCode)
    i.FLASH_WaitForLastOperation             0x080003a4   Section        0  stm32f1xx_hal_flash.o(i.FLASH_WaitForLastOperation)
    i.Flash_Read                             0x080003f8   Section        0  userfunc.o(i.Flash_Read)
    i.Flash_Write                            0x08000414   Section        0  userfunc.o(i.Flash_Write)
    i.Func_DeviceSetting                     0x08000464   Section        0  freertos.o(i.Func_DeviceSetting)
    i.Func_GetSensorsData                    0x080004ac   Section        0  freertos.o(i.Func_GetSensorsData)
    i.Func_NetworkLink                       0x080004b4   Section        0  freertos.o(i.Func_NetworkLink)
    i.Func_RXProductProtocolAnalyse          0x080004bc   Section        0  freertos.o(i.Func_RXProductProtocolAnalyse)
    i.Func_ReportData                        0x080005bc   Section        0  freertos.o(i.Func_ReportData)
    i.HAL_DMA_Abort                          0x080005c4   Section        0  stm32f1xx_hal_dma.o(i.HAL_DMA_Abort)
    i.HAL_DMA_Abort_IT                       0x080005f4   Section        0  stm32f1xx_hal_dma.o(i.HAL_DMA_Abort_IT)
    i.HAL_DMA_IRQHandler                     0x0800068c   Section        0  stm32f1xx_hal_dma.o(i.HAL_DMA_IRQHandler)
    i.HAL_DMA_Init                           0x080007e0   Section        0  stm32f1xx_hal_dma.o(i.HAL_DMA_Init)
    i.HAL_DMA_Start_IT                       0x08000844   Section        0  stm32f1xx_hal_dma.o(i.HAL_DMA_Start_IT)
    i.HAL_Delay                              0x080008b4   Section        0  stm32f1xx_hal.o(i.HAL_Delay)
    i.HAL_FLASHEx_Erase                      0x080008d8   Section        0  stm32f1xx_hal_flash_ex.o(i.HAL_FLASHEx_Erase)
    i.HAL_FLASH_Lock                         0x08000980   Section        0  stm32f1xx_hal_flash.o(i.HAL_FLASH_Lock)
    i.HAL_FLASH_Program                      0x08000994   Section        0  stm32f1xx_hal_flash.o(i.HAL_FLASH_Program)
    i.HAL_FLASH_Unlock                       0x08000a14   Section        0  stm32f1xx_hal_flash.o(i.HAL_FLASH_Unlock)
    i.HAL_GPIO_Init                          0x08000a3c   Section        0  stm32f1xx_hal_gpio.o(i.HAL_GPIO_Init)
    i.HAL_GetTick                            0x08000bf8   Section        0  stm32f1xx_hal.o(i.HAL_GetTick)
    i.HAL_I2C_Init                           0x08000c04   Section        0  stm32f1xx_hal_i2c.o(i.HAL_I2C_Init)
    i.HAL_I2C_MspInit                        0x08000d44   Section        0  i2c.o(i.HAL_I2C_MspInit)
    i.HAL_IncTick                            0x08000d88   Section        0  stm32f1xx_hal.o(i.HAL_IncTick)
    i.HAL_Init                               0x08000d98   Section        0  stm32f1xx_hal.o(i.HAL_Init)
    i.HAL_InitTick                           0x08000dbc   Section        0  stm32f1xx_hal_timebase_tim.o(i.HAL_InitTick)
    i.HAL_MspInit                            0x08000e30   Section        0  stm32f1xx_hal_msp.o(i.HAL_MspInit)
    i.HAL_NVIC_EnableIRQ                     0x08000ec0   Section        0  stm32f1xx_hal_cortex.o(i.HAL_NVIC_EnableIRQ)
    i.HAL_NVIC_SetPriority                   0x08000ed8   Section        0  stm32f1xx_hal_cortex.o(i.HAL_NVIC_SetPriority)
    i.HAL_NVIC_SetPriorityGrouping           0x08000f18   Section        0  stm32f1xx_hal_cortex.o(i.HAL_NVIC_SetPriorityGrouping)
    i.HAL_RCC_ClockConfig                    0x08000f3c   Section        0  stm32f1xx_hal_rcc.o(i.HAL_RCC_ClockConfig)
    i.HAL_RCC_GetClockConfig                 0x08001090   Section        0  stm32f1xx_hal_rcc.o(i.HAL_RCC_GetClockConfig)
    i.HAL_RCC_GetHCLKFreq                    0x080010d0   Section        0  stm32f1xx_hal_rcc.o(i.HAL_RCC_GetHCLKFreq)
    i.HAL_RCC_GetPCLK1Freq                   0x080010dc   Section        0  stm32f1xx_hal_rcc.o(i.HAL_RCC_GetPCLK1Freq)
    i.HAL_RCC_GetPCLK2Freq                   0x080010fc   Section        0  stm32f1xx_hal_rcc.o(i.HAL_RCC_GetPCLK2Freq)
    i.HAL_RCC_GetSysClockFreq                0x0800111c   Section        0  stm32f1xx_hal_rcc.o(i.HAL_RCC_GetSysClockFreq)
    i.HAL_RCC_OscConfig                      0x08001188   Section        0  stm32f1xx_hal_rcc.o(i.HAL_RCC_OscConfig)
    i.HAL_SYSTICK_CLKSourceConfig            0x0800148c   Section        0  stm32f1xx_hal_cortex.o(i.HAL_SYSTICK_CLKSourceConfig)
    i.HAL_SYSTICK_Config                     0x080014a4   Section        0  stm32f1xx_hal_cortex.o(i.HAL_SYSTICK_Config)
    i.HAL_TIMEx_BreakCallback                0x080014cc   Section        0  stm32f1xx_hal_tim_ex.o(i.HAL_TIMEx_BreakCallback)
    i.HAL_TIMEx_CommutationCallback          0x080014ce   Section        0  stm32f1xx_hal_tim_ex.o(i.HAL_TIMEx_CommutationCallback)
    i.HAL_TIM_Base_Init                      0x080014d0   Section        0  stm32f1xx_hal_tim.o(i.HAL_TIM_Base_Init)
    i.HAL_TIM_Base_MspInit                   0x08001506   Section        0  stm32f1xx_hal_tim.o(i.HAL_TIM_Base_MspInit)
    i.HAL_TIM_Base_Start_IT                  0x08001508   Section        0  stm32f1xx_hal_tim.o(i.HAL_TIM_Base_Start_IT)
    i.HAL_TIM_IC_CaptureCallback             0x08001520   Section        0  stm32f1xx_hal_tim.o(i.HAL_TIM_IC_CaptureCallback)
    i.HAL_TIM_IRQHandler                     0x08001522   Section        0  stm32f1xx_hal_tim.o(i.HAL_TIM_IRQHandler)
    i.HAL_TIM_OC_DelayElapsedCallback        0x08001688   Section        0  stm32f1xx_hal_tim.o(i.HAL_TIM_OC_DelayElapsedCallback)
    i.HAL_TIM_PWM_PulseFinishedCallback      0x0800168a   Section        0  stm32f1xx_hal_tim.o(i.HAL_TIM_PWM_PulseFinishedCallback)
    i.HAL_TIM_PeriodElapsedCallback          0x0800168c   Section        0  main.o(i.HAL_TIM_PeriodElapsedCallback)
    i.HAL_TIM_TriggerCallback                0x080016a0   Section        0  stm32f1xx_hal_tim.o(i.HAL_TIM_TriggerCallback)
    i.HAL_UART_DMAStop                       0x080016a2   Section        0  stm32f1xx_hal_uart.o(i.HAL_UART_DMAStop)
    i.HAL_UART_ErrorCallback                 0x080016fa   Section        0  stm32f1xx_hal_uart.o(i.HAL_UART_ErrorCallback)
    i.HAL_UART_IRQHandler                    0x080016fc   Section        0  stm32f1xx_hal_uart.o(i.HAL_UART_IRQHandler)
    i.HAL_UART_Init                          0x0800180c   Section        0  stm32f1xx_hal_uart.o(i.HAL_UART_Init)
    i.HAL_UART_MspInit                       0x08001870   Section        0  usart.o(i.HAL_UART_MspInit)
    i.HAL_UART_Receive_DMA                   0x0800194c   Section        0  stm32f1xx_hal_uart.o(i.HAL_UART_Receive_DMA)
    i.HAL_UART_RxCpltCallback                0x080019e4   Section        0  stm32f1xx_hal_uart.o(i.HAL_UART_RxCpltCallback)
    i.HAL_UART_RxHalfCpltCallback            0x080019e6   Section        0  stm32f1xx_hal_uart.o(i.HAL_UART_RxHalfCpltCallback)
    i.HAL_UART_Transmit_DMA                  0x080019e8   Section        0  stm32f1xx_hal_uart.o(i.HAL_UART_Transmit_DMA)
    i.HAL_UART_TxCpltCallback                0x08001a68   Section        0  stm32f1xx_hal_uart.o(i.HAL_UART_TxCpltCallback)
    i.HAL_UART_TxHalfCpltCallback            0x08001a6a   Section        0  stm32f1xx_hal_uart.o(i.HAL_UART_TxHalfCpltCallback)
    i.HardFault_Handler                      0x08001a6c   Section        0  stm32f1xx_it.o(i.HardFault_Handler)
    i.Init_FirstTime                         0x08001a70   Section        0  userfunc.o(i.Init_FirstTime)
    i.Init_SecondTime                        0x08001ce0   Section        0  userfunc.o(i.Init_SecondTime)
    i.MX_DMA_Init                            0x08001e10   Section        0  dma.o(i.MX_DMA_Init)
    i.MX_FREERTOS_Init                       0x08001e4c   Section        0  freertos.o(i.MX_FREERTOS_Init)
    i.MX_GPIO_Init                           0x08001f10   Section        0  gpio.o(i.MX_GPIO_Init)
    i.MX_I2C1_Init                           0x08001f4c   Section        0  i2c.o(i.MX_I2C1_Init)
    i.MX_USART1_UART_Init                    0x08001fa0   Section        0  usart.o(i.MX_USART1_UART_Init)
    i.MemManage_Handler                      0x08001fec   Section        0  stm32f1xx_it.o(i.MemManage_Handler)
    i.NMI_Handler                            0x08001fee   Section        0  stm32f1xx_it.o(i.NMI_Handler)
    i.NVIC_SetPriority                       0x08001ff0   Section        0  stm32f1xx_hal_cortex.o(i.NVIC_SetPriority)
    NVIC_SetPriority                         0x08001ff1   Thumb Code    32  stm32f1xx_hal_cortex.o(i.NVIC_SetPriority)
    i.ReadEEPROM                             0x08002010   Section        0  userfunc.o(i.ReadEEPROM)
    i.RecordInEEPROM                         0x0800203c   Section        0  userfunc.o(i.RecordInEEPROM)
    i.Refresh_Set                            0x08002064   Section        0  userfunc.o(i.Refresh_Set)
    i.SysTick_Handler                        0x08002264   Section        0  stm32f1xx_it.o(i.SysTick_Handler)
    i.SystemClock_Config                     0x08002268   Section        0  main.o(i.SystemClock_Config)
    i.SystemInit                             0x080022d0   Section        0  system_stm32f1xx.o(i.SystemInit)
    i.TIM4_IRQHandler                        0x08002318   Section        0  stm32f1xx_it.o(i.TIM4_IRQHandler)
    i.TIM_Base_SetConfig                     0x08002324   Section        0  stm32f1xx_hal_tim.o(i.TIM_Base_SetConfig)
    i.UART_DMAAbortOnError                   0x08002390   Section        0  stm32f1xx_hal_uart.o(i.UART_DMAAbortOnError)
    UART_DMAAbortOnError                     0x08002391   Thumb Code    16  stm32f1xx_hal_uart.o(i.UART_DMAAbortOnError)
    i.UART_DMAError                          0x080023a0   Section        0  stm32f1xx_hal_uart.o(i.UART_DMAError)
    UART_DMAError                            0x080023a1   Thumb Code    74  stm32f1xx_hal_uart.o(i.UART_DMAError)
    i.UART_DMAReceiveCplt                    0x080023ea   Section        0  stm32f1xx_hal_uart.o(i.UART_DMAReceiveCplt)
    UART_DMAReceiveCplt                      0x080023eb   Thumb Code    60  stm32f1xx_hal_uart.o(i.UART_DMAReceiveCplt)
    i.UART_DMARxHalfCplt                     0x08002426   Section        0  stm32f1xx_hal_uart.o(i.UART_DMARxHalfCplt)
    UART_DMARxHalfCplt                       0x08002427   Thumb Code    10  stm32f1xx_hal_uart.o(i.UART_DMARxHalfCplt)
    i.UART_DMATransmitCplt                   0x08002430   Section        0  stm32f1xx_hal_uart.o(i.UART_DMATransmitCplt)
    UART_DMATransmitCplt                     0x08002431   Thumb Code    46  stm32f1xx_hal_uart.o(i.UART_DMATransmitCplt)
    i.UART_DMATxHalfCplt                     0x0800245e   Section        0  stm32f1xx_hal_uart.o(i.UART_DMATxHalfCplt)
    UART_DMATxHalfCplt                       0x0800245f   Thumb Code    10  stm32f1xx_hal_uart.o(i.UART_DMATxHalfCplt)
    i.UART_EndRxTransfer                     0x08002468   Section        0  stm32f1xx_hal_uart.o(i.UART_EndRxTransfer)
    UART_EndRxTransfer                       0x08002469   Thumb Code    28  stm32f1xx_hal_uart.o(i.UART_EndRxTransfer)
    i.UART_EndTxTransfer                     0x08002484   Section        0  stm32f1xx_hal_uart.o(i.UART_EndTxTransfer)
    UART_EndTxTransfer                       0x08002485   Thumb Code    18  stm32f1xx_hal_uart.o(i.UART_EndTxTransfer)
    i.UART_Receive_IT                        0x08002496   Section        0  stm32f1xx_hal_uart.o(i.UART_Receive_IT)
    UART_Receive_IT                          0x08002497   Thumb Code   150  stm32f1xx_hal_uart.o(i.UART_Receive_IT)
    i.UART_SetConfig                         0x0800252c   Section        0  stm32f1xx_hal_uart.o(i.UART_SetConfig)
    UART_SetConfig                           0x0800252d   Thumb Code   364  stm32f1xx_hal_uart.o(i.UART_SetConfig)
    i.UART_Transmit_IT                       0x0800269c   Section        0  stm32f1xx_hal_uart.o(i.UART_Transmit_IT)
    UART_Transmit_IT                         0x0800269d   Thumb Code    98  stm32f1xx_hal_uart.o(i.UART_Transmit_IT)
    i.USART1_IRQHandler                      0x08002700   Section        0  stm32f1xx_it.o(i.USART1_IRQHandler)
    i.UsageFault_Handler                     0x08002718   Section        0  stm32f1xx_it.o(i.UsageFault_Handler)
    i.UsartReceive_IDLE                      0x0800271c   Section        0  usart.o(i.UsartReceive_IDLE)
    i._Error_Handler                         0x0800276c   Section        0  main.o(i._Error_Handler)
    i.__0snprintf$6                          0x08002770   Section        0  printf6.o(i.__0snprintf$6)
    i.__scatterload_copy                     0x080027a0   Section       14  handlers.o(i.__scatterload_copy)
    i.__scatterload_null                     0x080027ae   Section        2  handlers.o(i.__scatterload_null)
    i.__scatterload_zeroinit                 0x080027b0   Section       14  handlers.o(i.__scatterload_zeroinit)
    i._printf_core                           0x080027c0   Section        0  printf6.o(i._printf_core)
    _printf_core                             0x080027c1   Thumb Code   748  printf6.o(i._printf_core)
    i._printf_post_padding                   0x08002ab0   Section        0  printf6.o(i._printf_post_padding)
    _printf_post_padding                     0x08002ab1   Thumb Code    36  printf6.o(i._printf_post_padding)
    i._printf_pre_padding                    0x08002ad4   Section        0  printf6.o(i._printf_pre_padding)
    _printf_pre_padding                      0x08002ad5   Thumb Code    46  printf6.o(i._printf_pre_padding)
    i._snputc                                0x08002b02   Section        0  printf6.o(i._snputc)
    _snputc                                  0x08002b03   Thumb Code    22  printf6.o(i._snputc)
    i.inHandlerMode                          0x08002b18   Section        0  cmsis_os.o(i.inHandlerMode)
    inHandlerMode                            0x08002b19   Thumb Code    12  cmsis_os.o(i.inHandlerMode)
    i.main                                   0x08002b24   Section        0  main.o(i.main)
    i.makeFreeRtosPriority                   0x08002b6c   Section        0  cmsis_os.o(i.makeFreeRtosPriority)
    makeFreeRtosPriority                     0x08002b6d   Thumb Code    12  cmsis_os.o(i.makeFreeRtosPriority)
    i.myTimer1s_Callback                     0x08002b78   Section        0  freertos.o(i.myTimer1s_Callback)
    i.osDelay                                0x08002b7a   Section        0  cmsis_os.o(i.osDelay)
    i.osKernelStart                          0x08002b88   Section        0  cmsis_os.o(i.osKernelStart)
    i.osSemaphoreCreate                      0x08002b92   Section        0  cmsis_os.o(i.osSemaphoreCreate)
    i.osSemaphoreRelease                     0x08002bb8   Section        0  cmsis_os.o(i.osSemaphoreRelease)
    i.osSemaphoreWait                        0x08002c08   Section        0  cmsis_os.o(i.osSemaphoreWait)
    i.osSystickHandler                       0x08002c70   Section        0  cmsis_os.o(i.osSystickHandler)
    i.osThreadCreate                         0x08002c84   Section        0  cmsis_os.o(i.osThreadCreate)
    i.osTimerCreate                          0x08002cb4   Section        0  cmsis_os.o(i.osTimerCreate)
    i.prvAddCurrentTaskToDelayedList         0x08002cd8   Section        0  tasks.o(i.prvAddCurrentTaskToDelayedList)
    prvAddCurrentTaskToDelayedList           0x08002cd9   Thumb Code   102  tasks.o(i.prvAddCurrentTaskToDelayedList)
    i.prvAddNewTaskToReadyList               0x08002d48   Section        0  tasks.o(i.prvAddNewTaskToReadyList)
    prvAddNewTaskToReadyList                 0x08002d49   Thumb Code   194  tasks.o(i.prvAddNewTaskToReadyList)
    i.prvCheckForValidListAndQueue           0x08002e18   Section        0  timers.o(i.prvCheckForValidListAndQueue)
    prvCheckForValidListAndQueue             0x08002e19   Thumb Code    62  timers.o(i.prvCheckForValidListAndQueue)
    i.prvCheckTasksWaitingTermination        0x08002e68   Section        0  tasks.o(i.prvCheckTasksWaitingTermination)
    prvCheckTasksWaitingTermination          0x08002e69   Thumb Code    70  tasks.o(i.prvCheckTasksWaitingTermination)
    i.prvCopyDataFromQueue                   0x08002eb8   Section        0  queue.o(i.prvCopyDataFromQueue)
    prvCopyDataFromQueue                     0x08002eb9   Thumb Code    38  queue.o(i.prvCopyDataFromQueue)
    i.prvCopyDataToQueue                     0x08002ede   Section        0  queue.o(i.prvCopyDataToQueue)
    prvCopyDataToQueue                       0x08002edf   Thumb Code   108  queue.o(i.prvCopyDataToQueue)
    i.prvDeleteTCB                           0x08002f4a   Section        0  tasks.o(i.prvDeleteTCB)
    prvDeleteTCB                             0x08002f4b   Thumb Code    20  tasks.o(i.prvDeleteTCB)
    i.prvHeapInit                            0x08002f60   Section        0  heap_4.o(i.prvHeapInit)
    prvHeapInit                              0x08002f61   Thumb Code    66  heap_4.o(i.prvHeapInit)
    i.prvIdleTask                            0x08002fac   Section        0  tasks.o(i.prvIdleTask)
    prvIdleTask                              0x08002fad   Thumb Code    30  tasks.o(i.prvIdleTask)
    i.prvInitialiseNewTask                   0x08002fd4   Section        0  tasks.o(i.prvInitialiseNewTask)
    prvInitialiseNewTask                     0x08002fd5   Thumb Code   142  tasks.o(i.prvInitialiseNewTask)
    i.prvInsertBlockIntoFreeList             0x08003064   Section        0  heap_4.o(i.prvInsertBlockIntoFreeList)
    prvInsertBlockIntoFreeList               0x08003065   Thumb Code    72  heap_4.o(i.prvInsertBlockIntoFreeList)
    i.prvInsertTimerInActiveList             0x080030b0   Section        0  timers.o(i.prvInsertTimerInActiveList)
    prvInsertTimerInActiveList               0x080030b1   Thumb Code    52  timers.o(i.prvInsertTimerInActiveList)
    i.prvIsQueueEmpty                        0x080030e8   Section        0  queue.o(i.prvIsQueueEmpty)
    prvIsQueueEmpty                          0x080030e9   Thumb Code    28  queue.o(i.prvIsQueueEmpty)
    i.prvProcessReceivedCommands             0x08003104   Section        0  timers.o(i.prvProcessReceivedCommands)
    prvProcessReceivedCommands               0x08003105   Thumb Code   180  timers.o(i.prvProcessReceivedCommands)
    i.prvProcessTimerOrBlockTask             0x080031bc   Section        0  timers.o(i.prvProcessTimerOrBlockTask)
    prvProcessTimerOrBlockTask               0x080031bd   Thumb Code   172  timers.o(i.prvProcessTimerOrBlockTask)
    i.prvResetNextTaskUnblockTime            0x08003270   Section        0  tasks.o(i.prvResetNextTaskUnblockTime)
    prvResetNextTaskUnblockTime              0x08003271   Thumb Code    26  tasks.o(i.prvResetNextTaskUnblockTime)
    i.prvSampleTimeNow                       0x08003290   Section        0  timers.o(i.prvSampleTimeNow)
    prvSampleTimeNow                         0x08003291   Thumb Code    36  timers.o(i.prvSampleTimeNow)
    i.prvSwitchTimerLists                    0x080032b8   Section        0  timers.o(i.prvSwitchTimerLists)
    prvSwitchTimerLists                      0x080032b9   Thumb Code   102  timers.o(i.prvSwitchTimerLists)
    i.prvTaskExitError                       0x08003324   Section        0  port.o(i.prvTaskExitError)
    prvTaskExitError                         0x08003325   Thumb Code    36  port.o(i.prvTaskExitError)
    i.prvTimerTask                           0x0800334c   Section        0  timers.o(i.prvTimerTask)
    prvTimerTask                             0x0800334d   Thumb Code    32  timers.o(i.prvTimerTask)
    i.prvUnlockQueue                         0x08003370   Section        0  queue.o(i.prvUnlockQueue)
    prvUnlockQueue                           0x08003371   Thumb Code   106  queue.o(i.prvUnlockQueue)
    i.pvPortMalloc                           0x080033dc   Section        0  heap_4.o(i.pvPortMalloc)
    i.pvTaskIncrementMutexHeldCount          0x080034b4   Section        0  tasks.o(i.pvTaskIncrementMutexHeldCount)
    i.pxPortInitialiseStack                  0x080034cc   Section        0  port.o(i.pxPortInitialiseStack)
    i.uxListRemove                           0x080034f0   Section        0  list.o(i.uxListRemove)
    i.vListInitialise                        0x08003514   Section        0  list.o(i.vListInitialise)
    i.vListInitialiseItem                    0x0800352a   Section        0  list.o(i.vListInitialiseItem)
    i.vListInsert                            0x08003530   Section        0  list.o(i.vListInsert)
    i.vListInsertEnd                         0x08003560   Section        0  list.o(i.vListInsertEnd)
    i.vPortEnterCritical                     0x08003578   Section        0  port.o(i.vPortEnterCritical)
    i.vPortExitCritical                      0x080035b8   Section        0  port.o(i.vPortExitCritical)
    i.vPortFree                              0x080035e0   Section        0  heap_4.o(i.vPortFree)
    i.vPortSetupTimerInterrupt               0x0800363c   Section        0  port.o(i.vPortSetupTimerInterrupt)
    i.vPortValidateInterruptPriority         0x0800365c   Section        0  port.o(i.vPortValidateInterruptPriority)
    i.vQueueAddToRegistry                    0x080036b0   Section        0  queue.o(i.vQueueAddToRegistry)
    i.vQueueWaitForMessageRestricted         0x080036d8   Section        0  queue.o(i.vQueueWaitForMessageRestricted)
    i.vTaskDelay                             0x0800371c   Section        0  tasks.o(i.vTaskDelay)
    i.vTaskMissedYield                       0x08003768   Section        0  tasks.o(i.vTaskMissedYield)
    i.vTaskPlaceOnEventList                  0x08003774   Section        0  tasks.o(i.vTaskPlaceOnEventList)
    i.vTaskPlaceOnEventListRestricted        0x080037a4   Section        0  tasks.o(i.vTaskPlaceOnEventListRestricted)
    i.vTaskPriorityInherit                   0x080037dc   Section        0  tasks.o(i.vTaskPriorityInherit)
    i.vTaskSetTimeOutState                   0x08003860   Section        0  tasks.o(i.vTaskSetTimeOutState)
    i.vTaskStartScheduler                    0x08003884   Section        0  tasks.o(i.vTaskStartScheduler)
    i.vTaskSuspendAll                        0x080038f4   Section        0  tasks.o(i.vTaskSuspendAll)
    i.vTaskSwitchContext                     0x08003904   Section        0  tasks.o(i.vTaskSwitchContext)
    i.xPortStartScheduler                    0x08003960   Section        0  port.o(i.xPortStartScheduler)
    i.xPortSysTickHandler                    0x080039d4   Section        0  port.o(i.xPortSysTickHandler)
    i.xQueueGenericCreate                    0x08003a00   Section        0  queue.o(i.xQueueGenericCreate)
    i.xQueueGenericReceive                   0x08003a48   Section        0  queue.o(i.xQueueGenericReceive)
    i.xQueueGenericReset                     0x08003bb4   Section        0  queue.o(i.xQueueGenericReset)
    i.xQueueGenericSend                      0x08003c3c   Section        0  queue.o(i.xQueueGenericSend)
    i.xQueueGenericSendFromISR               0x08003d9c   Section        0  queue.o(i.xQueueGenericSendFromISR)
    i.xQueueGiveFromISR                      0x08003e58   Section        0  queue.o(i.xQueueGiveFromISR)
    i.xQueueReceiveFromISR                   0x08003ef4   Section        0  queue.o(i.xQueueReceiveFromISR)
    i.xTaskCheckForTimeOut                   0x08003f90   Section        0  tasks.o(i.xTaskCheckForTimeOut)
    i.xTaskCreate                            0x08003ffc   Section        0  tasks.o(i.xTaskCreate)
    i.xTaskGetSchedulerState                 0x08004054   Section        0  tasks.o(i.xTaskGetSchedulerState)
    i.xTaskGetTickCount                      0x08004070   Section        0  tasks.o(i.xTaskGetTickCount)
    i.xTaskIncrementTick                     0x0800407c   Section        0  tasks.o(i.xTaskIncrementTick)
    i.xTaskPriorityDisinherit                0x08004144   Section        0  tasks.o(i.xTaskPriorityDisinherit)
    i.xTaskRemoveFromEventList               0x080041dc   Section        0  tasks.o(i.xTaskRemoveFromEventList)
    i.xTaskResumeAll                         0x08004250   Section        0  tasks.o(i.xTaskResumeAll)
    i.xTimerCreate                           0x08004314   Section        0  timers.o(i.xTimerCreate)
    i.xTimerCreateTimerTask                  0x08004364   Section        0  timers.o(i.xTimerCreateTimerTask)
    i.xTimerGenericCommand                   0x080043ac   Section        0  timers.o(i.xTimerGenericCommand)
    .constdata                               0x0800440c   Section      104  freertos.o(.constdata)
    .constdata                               0x08004474   Section       16  system_stm32f1xx.o(.constdata)
    .constdata                               0x08004484   Section        8  system_stm32f1xx.o(.constdata)
    .conststring                             0x0800448c   Section      105  freertos.o(.conststring)
    .data                                    0x20000000   Section       40  freertos.o(.data)
    .data                                    0x20000028   Section       12  stm32f1xx_hal.o(.data)
    .data                                    0x20000034   Section        4  system_stm32f1xx.o(.data)
    .data                                    0x20000038   Section       24  heap_4.o(.data)
    pxEnd                                    0x20000038   Data           4  heap_4.o(.data)
    xFreeBytesRemaining                      0x2000003c   Data           4  heap_4.o(.data)
    xMinimumEverFreeBytesRemaining           0x20000040   Data           4  heap_4.o(.data)
    xBlockAllocatedBit                       0x20000044   Data           4  heap_4.o(.data)
    xStart                                   0x20000048   Data           8  heap_4.o(.data)
    .data                                    0x20000050   Section       12  port.o(.data)
    ucMaxSysCallPriority                     0x20000050   Data           1  port.o(.data)
    uxCriticalNesting                        0x20000054   Data           4  port.o(.data)
    ulMaxPRIGROUPValue                       0x20000058   Data           4  port.o(.data)
    .data                                    0x2000005c   Section       60  tasks.o(.data)
    uxDeletedTasksWaitingCleanUp             0x20000060   Data           4  tasks.o(.data)
    uxCurrentNumberOfTasks                   0x20000064   Data           4  tasks.o(.data)
    xTickCount                               0x20000068   Data           4  tasks.o(.data)
    uxTopReadyPriority                       0x2000006c   Data           4  tasks.o(.data)
    xSchedulerRunning                        0x20000070   Data           4  tasks.o(.data)
    uxPendedTicks                            0x20000074   Data           4  tasks.o(.data)
    xYieldPending                            0x20000078   Data           4  tasks.o(.data)
    xNumOfOverflows                          0x2000007c   Data           4  tasks.o(.data)
    uxTaskNumber                             0x20000080   Data           4  tasks.o(.data)
    xNextTaskUnblockTime                     0x20000084   Data           4  tasks.o(.data)
    xIdleTaskHandle                          0x20000088   Data           4  tasks.o(.data)
    uxSchedulerSuspended                     0x2000008c   Data           4  tasks.o(.data)
    pxDelayedTaskList                        0x20000090   Data           4  tasks.o(.data)
    pxOverflowDelayedTaskList                0x20000094   Data           4  tasks.o(.data)
    .data                                    0x20000098   Section       20  timers.o(.data)
    xTimerQueue                              0x20000098   Data           4  timers.o(.data)
    xTimerTaskHandle                         0x2000009c   Data           4  timers.o(.data)
    xLastTime                                0x200000a0   Data           4  timers.o(.data)
    pxCurrentTimerList                       0x200000a4   Data           4  timers.o(.data)
    pxOverflowTimerList                      0x200000a8   Data           4  timers.o(.data)
    .bss                                     0x200000ac   Section      304  userfunc.o(.bss)
    .bss                                     0x200001dc   Section       84  i2c.o(.bss)
    .bss                                     0x20000230   Section      256  usart.o(.bss)
    .bss                                     0x20000330   Section     1228  usart.o(.bss)
    .bss                                     0x200007fc   Section       64  stm32f1xx_hal_timebase_tim.o(.bss)
    .bss                                     0x20000840   Section       32  stm32f1xx_hal_flash.o(.bss)
    .bss                                     0x20000860   Section    10240  heap_4.o(.bss)
    ucHeap                                   0x20000860   Data       10240  heap_4.o(.bss)
    .bss                                     0x20003060   Section       64  queue.o(.bss)
    .bss                                     0x200030a0   Section      240  tasks.o(.bss)
    pxReadyTasksLists                        0x200030a0   Data         140  tasks.o(.bss)
    xDelayedTaskList1                        0x2000312c   Data          20  tasks.o(.bss)
    xDelayedTaskList2                        0x20003140   Data          20  tasks.o(.bss)
    xPendingReadyList                        0x20003154   Data          20  tasks.o(.bss)
    xTasksWaitingTermination                 0x20003168   Data          20  tasks.o(.bss)
    xSuspendedTaskList                       0x2000317c   Data          20  tasks.o(.bss)
    .bss                                     0x20003190   Section       40  timers.o(.bss)
    xActiveTimerList1                        0x20003190   Data          20  timers.o(.bss)
    xActiveTimerList2                        0x200031a4   Data          20  timers.o(.bss)
    STACK                                    0x200031b8   Section     1024  startup_stm32f103xb.o(STACK)

    Global Symbols

    Symbol Name                              Value     Ov Type        Size  Object(Section)

    BuildAttributes$$THM_ISAv4$P$D$K$B$S$PE$A:L22UL41UL21$X:L11$S22US41US21$IEEE1$IW$USESV6$~STKCKD$USESV7$~SHL$OSPACE$ROPI$EBA8$MICROLIB$REQ8$PRES8$EABIv2 0x00000000   Number         0  anon$$obj.o ABSOLUTE
    __ARM_use_no_argv                        0x00000000   Number         0  main.o ABSOLUTE
    _printf_a                                0x00000000   Number         0  stubs.o ABSOLUTE
    _printf_c                                0x00000000   Number         0  stubs.o ABSOLUTE
    _printf_charcount                        0x00000000   Number         0  stubs.o ABSOLUTE
    _printf_d                                0x00000000   Number         0  stubs.o ABSOLUTE
    _printf_e                                0x00000000   Number         0  stubs.o ABSOLUTE
    _printf_f                                0x00000000   Number         0  stubs.o ABSOLUTE
    _printf_flags                            0x00000000   Number         0  stubs.o ABSOLUTE
    _printf_fp_dec                           0x00000000   Number         0  stubs.o ABSOLUTE
    _printf_fp_hex                           0x00000000   Number         0  stubs.o ABSOLUTE
    _printf_g                                0x00000000   Number         0  stubs.o ABSOLUTE
    _printf_i                                0x00000000   Number         0  stubs.o ABSOLUTE
    _printf_int_dec                          0x00000000   Number         0  stubs.o ABSOLUTE
    _printf_l                                0x00000000   Number         0  stubs.o ABSOLUTE
    _printf_lc                               0x00000000   Number         0  stubs.o ABSOLUTE
    _printf_ll                               0x00000000   Number         0  stubs.o ABSOLUTE
    _printf_lld                              0x00000000   Number         0  stubs.o ABSOLUTE
    _printf_lli                              0x00000000   Number         0  stubs.o ABSOLUTE
    _printf_llo                              0x00000000   Number         0  stubs.o ABSOLUTE
    _printf_llu                              0x00000000   Number         0  stubs.o ABSOLUTE
    _printf_llx                              0x00000000   Number         0  stubs.o ABSOLUTE
    _printf_longlong_dec                     0x00000000   Number         0  stubs.o ABSOLUTE
    _printf_longlong_hex                     0x00000000   Number         0  stubs.o ABSOLUTE
    _printf_longlong_oct                     0x00000000   Number         0  stubs.o ABSOLUTE
    _printf_ls                               0x00000000   Number         0  stubs.o ABSOLUTE
    _printf_mbtowc                           0x00000000   Number         0  stubs.o ABSOLUTE
    _printf_n                                0x00000000   Number         0  stubs.o ABSOLUTE
    _printf_o                                0x00000000   Number         0  stubs.o ABSOLUTE
    _printf_p                                0x00000000   Number         0  stubs.o ABSOLUTE
    _printf_percent                          0x00000000   Number         0  stubs.o ABSOLUTE
    _printf_pre_padding                      0x00000000   Number         0  stubs.o ABSOLUTE
    _printf_return_value                     0x00000000   Number         0  stubs.o ABSOLUTE
    _printf_s                                0x00000000   Number         0  stubs.o ABSOLUTE
    _printf_sizespec                         0x00000000   Number         0  stubs.o ABSOLUTE
    _printf_str                              0x00000000   Number         0  stubs.o ABSOLUTE
    _printf_truncate_signed                  0x00000000   Number         0  stubs.o ABSOLUTE
    _printf_truncate_unsigned                0x00000000   Number         0  stubs.o ABSOLUTE
    _printf_u                                0x00000000   Number         0  stubs.o ABSOLUTE
    _printf_wc                               0x00000000   Number         0  stubs.o ABSOLUTE
    _printf_wctomb                           0x00000000   Number         0  stubs.o ABSOLUTE
    _printf_widthprec                        0x00000000   Number         0  stubs.o ABSOLUTE
    _printf_x                                0x00000000   Number         0  stubs.o ABSOLUTE
    __cpp_initialize__aeabi_                  - Undefined Weak Reference
    __cxa_finalize                            - Undefined Weak Reference
    __decompress                              - Undefined Weak Reference
    _clock_init                               - Undefined Weak Reference
    _microlib_exit                            - Undefined Weak Reference
    __Vectors_Size                           0x000000ec   Number         0  startup_stm32f103xb.o ABSOLUTE
    __Vectors                                0x08000000   Data           4  startup_stm32f103xb.o(RESET)
    __Vectors_End                            0x080000ec   Data           0  startup_stm32f103xb.o(RESET)
    __main                                   0x080000ed   Thumb Code     0  entry.o(.ARM.Collect$$$$00000000)
    _main_stk                                0x080000ed   Thumb Code     0  entry2.o(.ARM.Collect$$$$00000001)
    _main_scatterload                        0x080000f1   Thumb Code     0  entry5.o(.ARM.Collect$$$$00000004)
    __main_after_scatterload                 0x080000f5   Thumb Code     0  entry5.o(.ARM.Collect$$$$00000004)
    _main_clock                              0x080000f5   Thumb Code     0  entry7b.o(.ARM.Collect$$$$00000008)
    _main_cpp_init                           0x080000f5   Thumb Code     0  entry8b.o(.ARM.Collect$$$$0000000A)
    _main_init                               0x080000f5   Thumb Code     0  entry9a.o(.ARM.Collect$$$$0000000B)
    __rt_final_cpp                           0x080000fd   Thumb Code     0  entry10a.o(.ARM.Collect$$$$0000000D)
    __rt_final_exit                          0x080000fd   Thumb Code     0  entry11a.o(.ARM.Collect$$$$0000000F)
    SVC_Handler                              0x08000101   Thumb Code    32  port.o(.emb_text)
    __asm___6_port_c_39a90d8d__prvStartFirstTask 0x08000125   Thumb Code    28  port.o(.emb_text)
    PendSV_Handler                           0x08000145   Thumb Code    72  port.o(.emb_text)
    vPortGetIPSR                             0x08000191   Thumb Code     6  port.o(.emb_text)
    Reset_Handler                            0x08000199   Thumb Code     8  startup_stm32f103xb.o(.text)
    ADC1_2_IRQHandler                        0x080001b3   Thumb Code     0  startup_stm32f103xb.o(.text)
    CAN1_RX1_IRQHandler                      0x080001b3   Thumb Code     0  startup_stm32f103xb.o(.text)
    CAN1_SCE_IRQHandler                      0x080001b3   Thumb Code     0  startup_stm32f103xb.o(.text)
    DMA1_Channel1_IRQHandler                 0x080001b3   Thumb Code     0  startup_stm32f103xb.o(.text)
    DMA1_Channel2_IRQHandler                 0x080001b3   Thumb Code     0  startup_stm32f103xb.o(.text)
    DMA1_Channel3_IRQHandler                 0x080001b3   Thumb Code     0  startup_stm32f103xb.o(.text)
    DMA1_Channel6_IRQHandler                 0x080001b3   Thumb Code     0  startup_stm32f103xb.o(.text)
    DMA1_Channel7_IRQHandler                 0x080001b3   Thumb Code     0  startup_stm32f103xb.o(.text)
    EXTI0_IRQHandler                         0x080001b3   Thumb Code     0  startup_stm32f103xb.o(.text)
    EXTI15_10_IRQHandler                     0x080001b3   Thumb Code     0  startup_stm32f103xb.o(.text)
    EXTI1_IRQHandler                         0x080001b3   Thumb Code     0  startup_stm32f103xb.o(.text)
    EXTI2_IRQHandler                         0x080001b3   Thumb Code     0  startup_stm32f103xb.o(.text)
    EXTI3_IRQHandler                         0x080001b3   Thumb Code     0  startup_stm32f103xb.o(.text)
    EXTI4_IRQHandler                         0x080001b3   Thumb Code     0  startup_stm32f103xb.o(.text)
    EXTI9_5_IRQHandler                       0x080001b3   Thumb Code     0  startup_stm32f103xb.o(.text)
    FLASH_IRQHandler                         0x080001b3   Thumb Code     0  startup_stm32f103xb.o(.text)
    I2C1_ER_IRQHandler                       0x080001b3   Thumb Code     0  startup_stm32f103xb.o(.text)
    I2C1_EV_IRQHandler                       0x080001b3   Thumb Code     0  startup_stm32f103xb.o(.text)
    I2C2_ER_IRQHandler                       0x080001b3   Thumb Code     0  startup_stm32f103xb.o(.text)
    I2C2_EV_IRQHandler                       0x080001b3   Thumb Code     0  startup_stm32f103xb.o(.text)
    PVD_IRQHandler                           0x080001b3   Thumb Code     0  startup_stm32f103xb.o(.text)
    RCC_IRQHandler                           0x080001b3   Thumb Code     0  startup_stm32f103xb.o(.text)
    RTC_Alarm_IRQHandler                     0x080001b3   Thumb Code     0  startup_stm32f103xb.o(.text)
    RTC_IRQHandler                           0x080001b3   Thumb Code     0  startup_stm32f103xb.o(.text)
    SPI1_IRQHandler                          0x080001b3   Thumb Code     0  startup_stm32f103xb.o(.text)
    SPI2_IRQHandler                          0x080001b3   Thumb Code     0  startup_stm32f103xb.o(.text)
    TAMPER_IRQHandler                        0x080001b3   Thumb Code     0  startup_stm32f103xb.o(.text)
    TIM1_BRK_IRQHandler                      0x080001b3   Thumb Code     0  startup_stm32f103xb.o(.text)
    TIM1_CC_IRQHandler                       0x080001b3   Thumb Code     0  startup_stm32f103xb.o(.text)
    TIM1_TRG_COM_IRQHandler                  0x080001b3   Thumb Code     0  startup_stm32f103xb.o(.text)
    TIM1_UP_IRQHandler                       0x080001b3   Thumb Code     0  startup_stm32f103xb.o(.text)
    TIM2_IRQHandler                          0x080001b3   Thumb Code     0  startup_stm32f103xb.o(.text)
    TIM3_IRQHandler                          0x080001b3   Thumb Code     0  startup_stm32f103xb.o(.text)
    USART2_IRQHandler                        0x080001b3   Thumb Code     0  startup_stm32f103xb.o(.text)
    USART3_IRQHandler                        0x080001b3   Thumb Code     0  startup_stm32f103xb.o(.text)
    USBWakeUp_IRQHandler                     0x080001b3   Thumb Code     0  startup_stm32f103xb.o(.text)
    USB_HP_CAN1_TX_IRQHandler                0x080001b3   Thumb Code     0  startup_stm32f103xb.o(.text)
    USB_LP_CAN1_RX0_IRQHandler               0x080001b3   Thumb Code     0  startup_stm32f103xb.o(.text)
    WWDG_IRQHandler                          0x080001b3   Thumb Code     0  startup_stm32f103xb.o(.text)
    __aeabi_llsr                             0x080001bd   Thumb Code    32  llushr.o(.text)
    _ll_ushift_r                             0x080001bd   Thumb Code     0  llushr.o(.text)
    __aeabi_memcpy                           0x080001dd   Thumb Code    36  memcpya.o(.text)
    __aeabi_memcpy4                          0x080001dd   Thumb Code     0  memcpya.o(.text)
    __aeabi_memcpy8                          0x080001dd   Thumb Code     0  memcpya.o(.text)
    __aeabi_memset                           0x08000201   Thumb Code    14  memseta.o(.text)
    __aeabi_memset4                          0x08000201   Thumb Code     0  memseta.o(.text)
    __aeabi_memset8                          0x08000201   Thumb Code     0  memseta.o(.text)
    __aeabi_memclr                           0x0800020f   Thumb Code     4  memseta.o(.text)
    __aeabi_memclr4                          0x0800020f   Thumb Code     0  memseta.o(.text)
    __aeabi_memclr8                          0x0800020f   Thumb Code     0  memseta.o(.text)
    _memset$wrapper                          0x08000213   Thumb Code    18  memseta.o(.text)
    strncpy                                  0x08000225   Thumb Code    24  strncpy.o(.text)
    strlen                                   0x0800023d   Thumb Code    14  strlen.o(.text)
    __aeabi_uidiv                            0x0800024b   Thumb Code     0  uidiv.o(.text)
    __aeabi_uidivmod                         0x0800024b   Thumb Code    44  uidiv.o(.text)
    __scatterload                            0x08000279   Thumb Code    28  init.o(.text)
    __scatterload_rt2                        0x08000279   Thumb Code     0  init.o(.text)
    BusFault_Handler                         0x0800029d   Thumb Code     2  stm32f1xx_it.o(i.BusFault_Handler)
    DMA1_Channel4_IRQHandler                 0x080002a1   Thumb Code     6  stm32f1xx_it.o(i.DMA1_Channel4_IRQHandler)
    DMA1_Channel5_IRQHandler                 0x080002ad   Thumb Code     6  stm32f1xx_it.o(i.DMA1_Channel5_IRQHandler)
    DebugMon_Handler                         0x080002e3   Thumb Code     2  stm32f1xx_it.o(i.DebugMon_Handler)
    FLASH_PageErase                          0x08000309   Thumb Code    28  stm32f1xx_hal_flash_ex.o(i.FLASH_PageErase)
    FLASH_WaitForLastOperation               0x080003a5   Thumb Code    80  stm32f1xx_hal_flash.o(i.FLASH_WaitForLastOperation)
    Flash_Read                               0x080003f9   Thumb Code    26  userfunc.o(i.Flash_Read)
    Flash_Write                              0x08000415   Thumb Code    76  userfunc.o(i.Flash_Write)
    Func_DeviceSetting                       0x08000465   Thumb Code    62  freertos.o(i.Func_DeviceSetting)
    Func_GetSensorsData                      0x080004ad   Thumb Code     8  freertos.o(i.Func_GetSensorsData)
    Func_NetworkLink                         0x080004b5   Thumb Code     8  freertos.o(i.Func_NetworkLink)
    Func_RXProductProtocolAnalyse            0x080004bd   Thumb Code   244  freertos.o(i.Func_RXProductProtocolAnalyse)
    Func_ReportData                          0x080005bd   Thumb Code     8  freertos.o(i.Func_ReportData)
    HAL_DMA_Abort                            0x080005c5   Thumb Code    48  stm32f1xx_hal_dma.o(i.HAL_DMA_Abort)
    HAL_DMA_Abort_IT                         0x080005f5   Thumb Code   148  stm32f1xx_hal_dma.o(i.HAL_DMA_Abort_IT)
    HAL_DMA_IRQHandler                       0x0800068d   Thumb Code   316  stm32f1xx_hal_dma.o(i.HAL_DMA_IRQHandler)
    HAL_DMA_Init                             0x080007e1   Thumb Code    92  stm32f1xx_hal_dma.o(i.HAL_DMA_Init)
    HAL_DMA_Start_IT                         0x08000845   Thumb Code   112  stm32f1xx_hal_dma.o(i.HAL_DMA_Start_IT)
    HAL_Delay                                0x080008b5   Thumb Code    32  stm32f1xx_hal.o(i.HAL_Delay)
    HAL_FLASHEx_Erase                        0x080008d9   Thumb Code   160  stm32f1xx_hal_flash_ex.o(i.HAL_FLASHEx_Erase)
    HAL_FLASH_Lock                           0x08000981   Thumb Code    14  stm32f1xx_hal_flash.o(i.HAL_FLASH_Lock)
    HAL_FLASH_Program                        0x08000995   Thumb Code   120  stm32f1xx_hal_flash.o(i.HAL_FLASH_Program)
    HAL_FLASH_Unlock                         0x08000a15   Thumb Code    28  stm32f1xx_hal_flash.o(i.HAL_FLASH_Unlock)
    HAL_GPIO_Init                            0x08000a3d   Thumb Code   408  stm32f1xx_hal_gpio.o(i.HAL_GPIO_Init)
    HAL_GetTick                              0x08000bf9   Thumb Code     6  stm32f1xx_hal.o(i.HAL_GetTick)
    HAL_I2C_Init                             0x08000c05   Thumb Code   302  stm32f1xx_hal_i2c.o(i.HAL_I2C_Init)
    HAL_I2C_MspInit                          0x08000d45   Thumb Code    54  i2c.o(i.HAL_I2C_MspInit)
    HAL_IncTick                              0x08000d89   Thumb Code    12  stm32f1xx_hal.o(i.HAL_IncTick)
    HAL_Init                                 0x08000d99   Thumb Code    32  stm32f1xx_hal.o(i.HAL_Init)
    HAL_InitTick                             0x08000dbd   Thumb Code   100  stm32f1xx_hal_timebase_tim.o(i.HAL_InitTick)
    HAL_MspInit                              0x08000e31   Thumb Code   134  stm32f1xx_hal_msp.o(i.HAL_MspInit)
    HAL_NVIC_EnableIRQ                       0x08000ec1   Thumb Code    22  stm32f1xx_hal_cortex.o(i.HAL_NVIC_EnableIRQ)
    HAL_NVIC_SetPriority                     0x08000ed9   Thumb Code    60  stm32f1xx_hal_cortex.o(i.HAL_NVIC_SetPriority)
    HAL_NVIC_SetPriorityGrouping             0x08000f19   Thumb Code    26  stm32f1xx_hal_cortex.o(i.HAL_NVIC_SetPriorityGrouping)
    HAL_RCC_ClockConfig                      0x08000f3d   Thumb Code   322  stm32f1xx_hal_rcc.o(i.HAL_RCC_ClockConfig)
    HAL_RCC_GetClockConfig                   0x08001091   Thumb Code    54  stm32f1xx_hal_rcc.o(i.HAL_RCC_GetClockConfig)
    HAL_RCC_GetHCLKFreq                      0x080010d1   Thumb Code     6  stm32f1xx_hal_rcc.o(i.HAL_RCC_GetHCLKFreq)
    HAL_RCC_GetPCLK1Freq                     0x080010dd   Thumb Code    20  stm32f1xx_hal_rcc.o(i.HAL_RCC_GetPCLK1Freq)
    HAL_RCC_GetPCLK2Freq                     0x080010fd   Thumb Code    20  stm32f1xx_hal_rcc.o(i.HAL_RCC_GetPCLK2Freq)
    HAL_RCC_GetSysClockFreq                  0x0800111d   Thumb Code    74  stm32f1xx_hal_rcc.o(i.HAL_RCC_GetSysClockFreq)
    HAL_RCC_OscConfig                        0x08001189   Thumb Code   750  stm32f1xx_hal_rcc.o(i.HAL_RCC_OscConfig)
    HAL_SYSTICK_CLKSourceConfig              0x0800148d   Thumb Code    24  stm32f1xx_hal_cortex.o(i.HAL_SYSTICK_CLKSourceConfig)
    HAL_SYSTICK_Config                       0x080014a5   Thumb Code    40  stm32f1xx_hal_cortex.o(i.HAL_SYSTICK_Config)
    HAL_TIMEx_BreakCallback                  0x080014cd   Thumb Code     2  stm32f1xx_hal_tim_ex.o(i.HAL_TIMEx_BreakCallback)
    HAL_TIMEx_CommutationCallback            0x080014cf   Thumb Code     2  stm32f1xx_hal_tim_ex.o(i.HAL_TIMEx_CommutationCallback)
    HAL_TIM_Base_Init                        0x080014d1   Thumb Code    54  stm32f1xx_hal_tim.o(i.HAL_TIM_Base_Init)
    HAL_TIM_Base_MspInit                     0x08001507   Thumb Code     2  stm32f1xx_hal_tim.o(i.HAL_TIM_Base_MspInit)
    HAL_TIM_Base_Start_IT                    0x08001509   Thumb Code    24  stm32f1xx_hal_tim.o(i.HAL_TIM_Base_Start_IT)
    HAL_TIM_IC_CaptureCallback               0x08001521   Thumb Code     2  stm32f1xx_hal_tim.o(i.HAL_TIM_IC_CaptureCallback)
    HAL_TIM_IRQHandler                       0x08001523   Thumb Code   358  stm32f1xx_hal_tim.o(i.HAL_TIM_IRQHandler)
    HAL_TIM_OC_DelayElapsedCallback          0x08001689   Thumb Code     2  stm32f1xx_hal_tim.o(i.HAL_TIM_OC_DelayElapsedCallback)
    HAL_TIM_PWM_PulseFinishedCallback        0x0800168b   Thumb Code     2  stm32f1xx_hal_tim.o(i.HAL_TIM_PWM_PulseFinishedCallback)
    HAL_TIM_PeriodElapsedCallback            0x0800168d   Thumb Code    14  main.o(i.HAL_TIM_PeriodElapsedCallback)
    HAL_TIM_TriggerCallback                  0x080016a1   Thumb Code     2  stm32f1xx_hal_tim.o(i.HAL_TIM_TriggerCallback)
    HAL_UART_DMAStop                         0x080016a3   Thumb Code    88  stm32f1xx_hal_uart.o(i.HAL_UART_DMAStop)
    HAL_UART_ErrorCallback                   0x080016fb   Thumb Code     2  stm32f1xx_hal_uart.o(i.HAL_UART_ErrorCallback)
    HAL_UART_IRQHandler                      0x080016fd   Thumb Code   266  stm32f1xx_hal_uart.o(i.HAL_UART_IRQHandler)
    HAL_UART_Init                            0x0800180d   Thumb Code    98  stm32f1xx_hal_uart.o(i.HAL_UART_Init)
    HAL_UART_MspInit                         0x08001871   Thumb Code   182  usart.o(i.HAL_UART_MspInit)
    HAL_UART_Receive_DMA                     0x0800194d   Thumb Code   138  stm32f1xx_hal_uart.o(i.HAL_UART_Receive_DMA)
    HAL_UART_RxCpltCallback                  0x080019e5   Thumb Code     2  stm32f1xx_hal_uart.o(i.HAL_UART_RxCpltCallback)
    HAL_UART_RxHalfCpltCallback              0x080019e7   Thumb Code     2  stm32f1xx_hal_uart.o(i.HAL_UART_RxHalfCpltCallback)
    HAL_UART_Transmit_DMA                    0x080019e9   Thumb Code   114  stm32f1xx_hal_uart.o(i.HAL_UART_Transmit_DMA)
    HAL_UART_TxCpltCallback                  0x08001a69   Thumb Code     2  stm32f1xx_hal_uart.o(i.HAL_UART_TxCpltCallback)
    HAL_UART_TxHalfCpltCallback              0x08001a6b   Thumb Code     2  stm32f1xx_hal_uart.o(i.HAL_UART_TxHalfCpltCallback)
    HardFault_Handler                        0x08001a6d   Thumb Code     2  stm32f1xx_it.o(i.HardFault_Handler)
    Init_FirstTime                           0x08001a71   Thumb Code   386  userfunc.o(i.Init_FirstTime)
    Init_SecondTime                          0x08001ce1   Thumb Code   188  userfunc.o(i.Init_SecondTime)
    MX_DMA_Init                              0x08001e11   Thumb Code    56  dma.o(i.MX_DMA_Init)
    MX_FREERTOS_Init                         0x08001e4d   Thumb Code   188  freertos.o(i.MX_FREERTOS_Init)
    MX_GPIO_Init                             0x08001f11   Thumb Code    54  gpio.o(i.MX_GPIO_Init)
    MX_I2C1_Init                             0x08001f4d   Thumb Code    54  i2c.o(i.MX_I2C1_Init)
    MX_USART1_UART_Init                      0x08001fa1   Thumb Code    52  usart.o(i.MX_USART1_UART_Init)
    MemManage_Handler                        0x08001fed   Thumb Code     2  stm32f1xx_it.o(i.MemManage_Handler)
    NMI_Handler                              0x08001fef   Thumb Code     2  stm32f1xx_it.o(i.NMI_Handler)
    ReadEEPROM                               0x08002011   Thumb Code    36  userfunc.o(i.ReadEEPROM)
    RecordInEEPROM                           0x0800203d   Thumb Code    34  userfunc.o(i.RecordInEEPROM)
    Refresh_Set                              0x08002065   Thumb Code   336  userfunc.o(i.Refresh_Set)
    SysTick_Handler                          0x08002265   Thumb Code     4  stm32f1xx_it.o(i.SysTick_Handler)
    SystemClock_Config                       0x08002269   Thumb Code   104  main.o(i.SystemClock_Config)
    SystemInit                               0x080022d1   Thumb Code    56  system_stm32f1xx.o(i.SystemInit)
    TIM4_IRQHandler                          0x08002319   Thumb Code     6  stm32f1xx_it.o(i.TIM4_IRQHandler)
    TIM_Base_SetConfig                       0x08002325   Thumb Code    94  stm32f1xx_hal_tim.o(i.TIM_Base_SetConfig)
    USART1_IRQHandler                        0x08002701   Thumb Code    18  stm32f1xx_it.o(i.USART1_IRQHandler)
    UsageFault_Handler                       0x08002719   Thumb Code     2  stm32f1xx_it.o(i.UsageFault_Handler)
    UsartReceive_IDLE                        0x0800271d   Thumb Code    70  usart.o(i.UsartReceive_IDLE)
    _Error_Handler                           0x0800276d   Thumb Code     2  main.o(i._Error_Handler)
    __0snprintf$6                            0x08002771   Thumb Code    44  printf6.o(i.__0snprintf$6)
    __1snprintf$6                            0x08002771   Thumb Code     0  printf6.o(i.__0snprintf$6)
    __2snprintf                              0x08002771   Thumb Code     0  printf6.o(i.__0snprintf$6)
    __scatterload_copy                       0x080027a1   Thumb Code    14  handlers.o(i.__scatterload_copy)
    __scatterload_null                       0x080027af   Thumb Code     2  handlers.o(i.__scatterload_null)
    __scatterload_zeroinit                   0x080027b1   Thumb Code    14  handlers.o(i.__scatterload_zeroinit)
    main                                     0x08002b25   Thumb Code    64  main.o(i.main)
    myTimer1s_Callback                       0x08002b79   Thumb Code     2  freertos.o(i.myTimer1s_Callback)
    osDelay                                  0x08002b7b   Thumb Code    14  cmsis_os.o(i.osDelay)
    osKernelStart                            0x08002b89   Thumb Code    10  cmsis_os.o(i.osKernelStart)
    osSemaphoreCreate                        0x08002b93   Thumb Code    38  cmsis_os.o(i.osSemaphoreCreate)
    osSemaphoreRelease                       0x08002bb9   Thumb Code    74  cmsis_os.o(i.osSemaphoreRelease)
    osSemaphoreWait                          0x08002c09   Thumb Code   100  cmsis_os.o(i.osSemaphoreWait)
    osSystickHandler                         0x08002c71   Thumb Code    20  cmsis_os.o(i.osSystickHandler)
    osThreadCreate                           0x08002c85   Thumb Code    46  cmsis_os.o(i.osThreadCreate)
    osTimerCreate                            0x08002cb5   Thumb Code    30  cmsis_os.o(i.osTimerCreate)
    pvPortMalloc                             0x080033dd   Thumb Code   210  heap_4.o(i.pvPortMalloc)
    pvTaskIncrementMutexHeldCount            0x080034b5   Thumb Code    18  tasks.o(i.pvTaskIncrementMutexHeldCount)
    pxPortInitialiseStack                    0x080034cd   Thumb Code    32  port.o(i.pxPortInitialiseStack)
    uxListRemove                             0x080034f1   Thumb Code    36  list.o(i.uxListRemove)
    vListInitialise                          0x08003515   Thumb Code    22  list.o(i.vListInitialise)
    vListInitialiseItem                      0x0800352b   Thumb Code     6  list.o(i.vListInitialiseItem)
    vListInsert                              0x08003531   Thumb Code    48  list.o(i.vListInsert)
    vListInsertEnd                           0x08003561   Thumb Code    24  list.o(i.vListInsertEnd)
    vPortEnterCritical                       0x08003579   Thumb Code    54  port.o(i.vPortEnterCritical)
    vPortExitCritical                        0x080035b9   Thumb Code    34  port.o(i.vPortExitCritical)
    vPortFree                                0x080035e1   Thumb Code    88  heap_4.o(i.vPortFree)
    vPortSetupTimerInterrupt                 0x0800363d   Thumb Code    26  port.o(i.vPortSetupTimerInterrupt)
    vPortValidateInterruptPriority           0x0800365d   Thumb Code    74  port.o(i.vPortValidateInterruptPriority)
    vQueueAddToRegistry                      0x080036b1   Thumb Code    34  queue.o(i.vQueueAddToRegistry)
    vQueueWaitForMessageRestricted           0x080036d9   Thumb Code    68  queue.o(i.vQueueWaitForMessageRestricted)
    vTaskDelay                               0x0800371d   Thumb Code    66  tasks.o(i.vTaskDelay)
    vTaskMissedYield                         0x08003769   Thumb Code     8  tasks.o(i.vTaskMissedYield)
    vTaskPlaceOnEventList                    0x08003775   Thumb Code    44  tasks.o(i.vTaskPlaceOnEventList)
    vTaskPlaceOnEventListRestricted          0x080037a5   Thumb Code    52  tasks.o(i.vTaskPlaceOnEventListRestricted)
    vTaskPriorityInherit                     0x080037dd   Thumb Code   124  tasks.o(i.vTaskPriorityInherit)
    vTaskSetTimeOutState                     0x08003861   Thumb Code    30  tasks.o(i.vTaskSetTimeOutState)
    vTaskStartScheduler                      0x08003885   Thumb Code    94  tasks.o(i.vTaskStartScheduler)
    vTaskSuspendAll                          0x080038f5   Thumb Code    10  tasks.o(i.vTaskSuspendAll)
    vTaskSwitchContext                       0x08003905   Thumb Code    82  tasks.o(i.vTaskSwitchContext)
    xPortStartScheduler                      0x08003961   Thumb Code   102  port.o(i.xPortStartScheduler)
    xPortSysTickHandler                      0x080039d5   Thumb Code    38  port.o(i.xPortSysTickHandler)
    xQueueGenericCreate                      0x08003a01   Thumb Code    72  queue.o(i.xQueueGenericCreate)
    xQueueGenericReceive                     0x08003a49   Thumb Code   360  queue.o(i.xQueueGenericReceive)
    xQueueGenericReset                       0x08003bb5   Thumb Code   132  queue.o(i.xQueueGenericReset)
    xQueueGenericSend                        0x08003c3d   Thumb Code   346  queue.o(i.xQueueGenericSend)
    xQueueGenericSendFromISR                 0x08003d9d   Thumb Code   188  queue.o(i.xQueueGenericSendFromISR)
    xQueueGiveFromISR                        0x08003e59   Thumb Code   156  queue.o(i.xQueueGiveFromISR)
    xQueueReceiveFromISR                     0x08003ef5   Thumb Code   154  queue.o(i.xQueueReceiveFromISR)
    xTaskCheckForTimeOut                     0x08003f91   Thumb Code   102  tasks.o(i.xTaskCheckForTimeOut)
    xTaskCreate                              0x08003ffd   Thumb Code    86  tasks.o(i.xTaskCreate)
    xTaskGetSchedulerState                   0x08004055   Thumb Code    22  tasks.o(i.xTaskGetSchedulerState)
    xTaskGetTickCount                        0x08004071   Thumb Code     6  tasks.o(i.xTaskGetTickCount)
    xTaskIncrementTick                       0x0800407d   Thumb Code   192  tasks.o(i.xTaskIncrementTick)
    xTaskPriorityDisinherit                  0x08004145   Thumb Code   144  tasks.o(i.xTaskPriorityDisinherit)
    xTaskRemoveFromEventList                 0x080041dd   Thumb Code   108  tasks.o(i.xTaskRemoveFromEventList)
    xTaskResumeAll                           0x08004251   Thumb Code   182  tasks.o(i.xTaskResumeAll)
    xTimerCreate                             0x08004315   Thumb Code    78  timers.o(i.xTimerCreate)
    xTimerCreateTimerTask                    0x08004365   Thumb Code    56  timers.o(i.xTimerCreateTimerTask)
    xTimerGenericCommand                     0x080043ad   Thumb Code    92  timers.o(i.xTimerGenericCommand)
    AHBPrescTable                            0x08004474   Data          16  system_stm32f1xx.o(.constdata)
    APBPrescTable                            0x08004484   Data           8  system_stm32f1xx.o(.constdata)
    Region$$Table$$Base                      0x080044f8   Number         0  anon$$obj.o(Region$$Table)
    Region$$Table$$Limit                     0x08004518   Number         0  anon$$obj.o(Region$$Table)
    Task_GetSensorsDataHandle                0x20000000   Data           4  freertos.o(.data)
    Task_ReportDataHandle                    0x20000004   Data           4  freertos.o(.data)
    Task_DeviceSettingHandle                 0x20000008   Data           4  freertos.o(.data)
    Task_NetworkLinkHandle                   0x2000000c   Data           4  freertos.o(.data)
    Task_RXProductProtocolAnalyseHandle      0x20000010   Data           4  freertos.o(.data)
    myTimer1sHandle                          0x20000014   Data           4  freertos.o(.data)
    BinarySem_Task_ReportDataHandle          0x20000018   Data           4  freertos.o(.data)
    BinarySem_Task_DeviceSettingHandle       0x2000001c   Data           4  freertos.o(.data)
    BinarySem_Task_NetworkLinkHandle         0x20000020   Data           4  freertos.o(.data)
    BinarySem_Task_RXProductProtocolAnalyseHandle 0x20000024   Data           4  freertos.o(.data)
    uwTickFreq                               0x20000028   Data           1  stm32f1xx_hal.o(.data)
    uwTickPrio                               0x2000002c   Data           4  stm32f1xx_hal.o(.data)
    uwTick                                   0x20000030   Data           4  stm32f1xx_hal.o(.data)
    SystemCoreClock                          0x20000034   Data           4  system_stm32f1xx.o(.data)
    pxCurrentTCB                             0x2000005c   Data           4  tasks.o(.data)
    DeviceSet                                0x200000ac   Data         162  userfunc.o(.bss)
    SensorData                               0x2000014e   Data          14  userfunc.o(.bss)
    IIC_WriteBuf                             0x2000015c   Data          64  userfunc.o(.bss)
    IIC_ReadBuf                              0x2000019c   Data          64  userfunc.o(.bss)
    hi2c1                                    0x200001dc   Data          84  i2c.o(.bss)
    UsartTx                                  0x20000230   Data         256  usart.o(.bss)
    UsartType                                0x20000330   Data        1028  usart.o(.bss)
    huart1                                   0x20000734   Data          64  usart.o(.bss)
    hdma_usart1_rx                           0x20000774   Data          68  usart.o(.bss)
    hdma_usart1_tx                           0x200007b8   Data          68  usart.o(.bss)
    htim4                                    0x200007fc   Data          64  stm32f1xx_hal_timebase_tim.o(.bss)
    pFlash                                   0x20000840   Data          32  stm32f1xx_hal_flash.o(.bss)
    xQueueRegistry                           0x20003060   Data          64  queue.o(.bss)
    __initial_sp                             0x200035b8   Data           0  startup_stm32f103xb.o(STACK)



==============================================================================

Memory Map of the image

  Image Entry point : 0x080000ed

  Load Region LR_IROM1 (Base: 0x08000000, Size: 0x000045c4, Max: 0x00010000, ABSOLUTE)

    Execution Region ER_IROM1 (Base: 0x08000000, Size: 0x00004518, Max: 0x00010000, ABSOLUTE)

    Base Addr    Size         Type   Attr      Idx    E Section Name        Object

    0x08000000   0x000000ec   Data   RO            3    RESET               startup_stm32f103xb.o
    0x080000ec   0x00000000   Code   RO         4402  * .ARM.Collect$$$$00000000  mc_w.l(entry.o)
    0x080000ec   0x00000004   Code   RO         4678    .ARM.Collect$$$$00000001  mc_w.l(entry2.o)
    0x080000f0   0x00000004   Code   RO         4681    .ARM.Collect$$$$00000004  mc_w.l(entry5.o)
    0x080000f4   0x00000000   Code   RO         4683    .ARM.Collect$$$$00000008  mc_w.l(entry7b.o)
    0x080000f4   0x00000000   Code   RO         4685    .ARM.Collect$$$$0000000A  mc_w.l(entry8b.o)
    0x080000f4   0x00000008   Code   RO         4686    .ARM.Collect$$$$0000000B  mc_w.l(entry9a.o)
    0x080000fc   0x00000000   Code   RO         4688    .ARM.Collect$$$$0000000D  mc_w.l(entry10a.o)
    0x080000fc   0x00000000   Code   RO         4690    .ARM.Collect$$$$0000000F  mc_w.l(entry11a.o)
    0x080000fc   0x00000004   Code   RO         4679    .ARM.Collect$$$$00002712  mc_w.l(entry2.o)
    0x08000100   0x00000096   Code   RO         3287    .emb_text           port.o
    0x08000196   0x00000002   PAD
    0x08000198   0x00000024   Code   RO            4    .text               startup_stm32f103xb.o
    0x080001bc   0x00000020   Code   RO         4405    .text               mc_w.l(llushr.o)
    0x080001dc   0x00000024   Code   RO         4407    .text               mc_w.l(memcpya.o)
    0x08000200   0x00000024   Code   RO         4409    .text               mc_w.l(memseta.o)
    0x08000224   0x00000018   Code   RO         4411    .text               mc_w.l(strncpy.o)
    0x0800023c   0x0000000e   Code   RO         4413    .text               mc_w.l(strlen.o)
    0x0800024a   0x0000002c   Code   RO         4693    .text               mc_w.l(uidiv.o)
    0x08000276   0x00000002   PAD
    0x08000278   0x00000024   Code   RO         4708    .text               mc_w.l(init.o)
    0x0800029c   0x00000002   Code   RO          518    i.BusFault_Handler  stm32f1xx_it.o
    0x0800029e   0x00000002   PAD
    0x080002a0   0x0000000c   Code   RO          519    i.DMA1_Channel4_IRQHandler  stm32f1xx_it.o
    0x080002ac   0x0000000c   Code   RO          520    i.DMA1_Channel5_IRQHandler  stm32f1xx_it.o
    0x080002b8   0x0000002a   Code   RO         2657    i.DMA_SetConfig     stm32f1xx_hal_dma.o
    0x080002e2   0x00000002   Code   RO          521    i.DebugMon_Handler  stm32f1xx_it.o
    0x080002e4   0x00000024   Code   RO         3097    i.FLASH_MassErase   stm32f1xx_hal_flash_ex.o
    0x08000308   0x00000024   Code   RO         3102    i.FLASH_PageErase   stm32f1xx_hal_flash_ex.o
    0x0800032c   0x0000001c   Code   RO         2994    i.FLASH_Program_HalfWord  stm32f1xx_hal_flash.o
    0x08000348   0x0000005c   Code   RO         2995    i.FLASH_SetErrorCode  stm32f1xx_hal_flash.o
    0x080003a4   0x00000054   Code   RO         2996    i.FLASH_WaitForLastOperation  stm32f1xx_hal_flash.o
    0x080003f8   0x0000001a   Code   RO           14    i.Flash_Read        userfunc.o
    0x08000412   0x00000002   PAD
    0x08000414   0x00000050   Code   RO           15    i.Flash_Write       userfunc.o
    0x08000464   0x00000048   Code   RO          351    i.Func_DeviceSetting  freertos.o
    0x080004ac   0x00000008   Code   RO          352    i.Func_GetSensorsData  freertos.o
    0x080004b4   0x00000008   Code   RO          353    i.Func_NetworkLink  freertos.o
    0x080004bc   0x00000100   Code   RO          354    i.Func_RXProductProtocolAnalyse  freertos.o
    0x080005bc   0x00000008   Code   RO          355    i.Func_ReportData   freertos.o
    0x080005c4   0x00000030   Code   RO         2658    i.HAL_DMA_Abort     stm32f1xx_hal_dma.o
    0x080005f4   0x00000098   Code   RO         2659    i.HAL_DMA_Abort_IT  stm32f1xx_hal_dma.o
    0x0800068c   0x00000154   Code   RO         2663    i.HAL_DMA_IRQHandler  stm32f1xx_hal_dma.o
    0x080007e0   0x00000064   Code   RO         2664    i.HAL_DMA_Init      stm32f1xx_hal_dma.o
    0x08000844   0x00000070   Code   RO         2668    i.HAL_DMA_Start_IT  stm32f1xx_hal_dma.o
    0x080008b4   0x00000024   Code   RO         2301    i.HAL_Delay         stm32f1xx_hal.o
    0x080008d8   0x000000a8   Code   RO         3103    i.HAL_FLASHEx_Erase  stm32f1xx_hal_flash_ex.o
    0x08000980   0x00000014   Code   RO         3000    i.HAL_FLASH_Lock    stm32f1xx_hal_flash.o
    0x08000994   0x00000080   Code   RO         3005    i.HAL_FLASH_Program  stm32f1xx_hal_flash.o
    0x08000a14   0x00000028   Code   RO         3007    i.HAL_FLASH_Unlock  stm32f1xx_hal_flash.o
    0x08000a3c   0x000001bc   Code   RO         2594    i.HAL_GPIO_Init     stm32f1xx_hal_gpio.o
    0x08000bf8   0x0000000c   Code   RO         2305    i.HAL_GetTick       stm32f1xx_hal.o
    0x08000c04   0x00000140   Code   RO          717    i.HAL_I2C_Init      stm32f1xx_hal_i2c.o
    0x08000d44   0x00000044   Code   RO          421    i.HAL_I2C_MspInit   i2c.o
    0x08000d88   0x00000010   Code   RO         2309    i.HAL_IncTick       stm32f1xx_hal.o
    0x08000d98   0x00000024   Code   RO         2310    i.HAL_Init          stm32f1xx_hal.o
    0x08000dbc   0x00000074   Code   RO          630    i.HAL_InitTick      stm32f1xx_hal_timebase_tim.o
    0x08000e30   0x00000090   Code   RO          606    i.HAL_MspInit       stm32f1xx_hal_msp.o
    0x08000ec0   0x00000016   Code   RO         2754    i.HAL_NVIC_EnableIRQ  stm32f1xx_hal_cortex.o
    0x08000ed6   0x00000002   PAD
    0x08000ed8   0x00000040   Code   RO         2760    i.HAL_NVIC_SetPriority  stm32f1xx_hal_cortex.o
    0x08000f18   0x00000024   Code   RO         2761    i.HAL_NVIC_SetPriorityGrouping  stm32f1xx_hal_cortex.o
    0x08000f3c   0x00000154   Code   RO         2454    i.HAL_RCC_ClockConfig  stm32f1xx_hal_rcc.o
    0x08001090   0x00000040   Code   RO         2458    i.HAL_RCC_GetClockConfig  stm32f1xx_hal_rcc.o
    0x080010d0   0x0000000c   Code   RO         2459    i.HAL_RCC_GetHCLKFreq  stm32f1xx_hal_rcc.o
    0x080010dc   0x00000020   Code   RO         2461    i.HAL_RCC_GetPCLK1Freq  stm32f1xx_hal_rcc.o
    0x080010fc   0x00000020   Code   RO         2462    i.HAL_RCC_GetPCLK2Freq  stm32f1xx_hal_rcc.o
    0x0800111c   0x0000006c   Code   RO         2463    i.HAL_RCC_GetSysClockFreq  stm32f1xx_hal_rcc.o
    0x08001188   0x00000304   Code   RO         2466    i.HAL_RCC_OscConfig  stm32f1xx_hal_rcc.o
    0x0800148c   0x00000018   Code   RO         2763    i.HAL_SYSTICK_CLKSourceConfig  stm32f1xx_hal_cortex.o
    0x080014a4   0x00000028   Code   RO         2765    i.HAL_SYSTICK_Config  stm32f1xx_hal_cortex.o
    0x080014cc   0x00000002   Code   RO         1735    i.HAL_TIMEx_BreakCallback  stm32f1xx_hal_tim_ex.o
    0x080014ce   0x00000002   Code   RO         1736    i.HAL_TIMEx_CommutationCallback  stm32f1xx_hal_tim_ex.o
    0x080014d0   0x00000036   Code   RO         1106    i.HAL_TIM_Base_Init  stm32f1xx_hal_tim.o
    0x08001506   0x00000002   Code   RO         1108    i.HAL_TIM_Base_MspInit  stm32f1xx_hal_tim.o
    0x08001508   0x00000018   Code   RO         1111    i.HAL_TIM_Base_Start_IT  stm32f1xx_hal_tim.o
    0x08001520   0x00000002   Code   RO         1135    i.HAL_TIM_IC_CaptureCallback  stm32f1xx_hal_tim.o
    0x08001522   0x00000166   Code   RO         1148    i.HAL_TIM_IRQHandler  stm32f1xx_hal_tim.o
    0x08001688   0x00000002   Code   RO         1151    i.HAL_TIM_OC_DelayElapsedCallback  stm32f1xx_hal_tim.o
    0x0800168a   0x00000002   Code   RO         1178    i.HAL_TIM_PWM_PulseFinishedCallback  stm32f1xx_hal_tim.o
    0x0800168c   0x00000014   Code   RO          234    i.HAL_TIM_PeriodElapsedCallback  main.o
    0x080016a0   0x00000002   Code   RO         1189    i.HAL_TIM_TriggerCallback  stm32f1xx_hal_tim.o
    0x080016a2   0x00000058   Code   RO         1987    i.HAL_UART_DMAStop  stm32f1xx_hal_uart.o
    0x080016fa   0x00000002   Code   RO         1989    i.HAL_UART_ErrorCallback  stm32f1xx_hal_uart.o
    0x080016fc   0x00000110   Code   RO         1992    i.HAL_UART_IRQHandler  stm32f1xx_hal_uart.o
    0x0800180c   0x00000062   Code   RO         1993    i.HAL_UART_Init     stm32f1xx_hal_uart.o
    0x0800186e   0x00000002   PAD
    0x08001870   0x000000dc   Code   RO          463    i.HAL_UART_MspInit  usart.o
    0x0800194c   0x00000098   Code   RO         1997    i.HAL_UART_Receive_DMA  stm32f1xx_hal_uart.o
    0x080019e4   0x00000002   Code   RO         1999    i.HAL_UART_RxCpltCallback  stm32f1xx_hal_uart.o
    0x080019e6   0x00000002   Code   RO         2000    i.HAL_UART_RxHalfCpltCallback  stm32f1xx_hal_uart.o
    0x080019e8   0x00000080   Code   RO         2002    i.HAL_UART_Transmit_DMA  stm32f1xx_hal_uart.o
    0x08001a68   0x00000002   Code   RO         2004    i.HAL_UART_TxCpltCallback  stm32f1xx_hal_uart.o
    0x08001a6a   0x00000002   Code   RO         2005    i.HAL_UART_TxHalfCpltCallback  stm32f1xx_hal_uart.o
    0x08001a6c   0x00000002   Code   RO          522    i.HardFault_Handler  stm32f1xx_it.o
    0x08001a6e   0x00000002   PAD
    0x08001a70   0x00000270   Code   RO           18    i.Init_FirstTime    userfunc.o
    0x08001ce0   0x00000130   Code   RO           19    i.Init_SecondTime   userfunc.o
    0x08001e10   0x0000003c   Code   RO          327    i.MX_DMA_Init       dma.o
    0x08001e4c   0x000000c4   Code   RO          356    i.MX_FREERTOS_Init  freertos.o
    0x08001f10   0x0000003c   Code   RO          303    i.MX_GPIO_Init      gpio.o
    0x08001f4c   0x00000054   Code   RO          422    i.MX_I2C1_Init      i2c.o
    0x08001fa0   0x0000004c   Code   RO          464    i.MX_USART1_UART_Init  usart.o
    0x08001fec   0x00000002   Code   RO          523    i.MemManage_Handler  stm32f1xx_it.o
    0x08001fee   0x00000002   Code   RO          524    i.NMI_Handler       stm32f1xx_it.o
    0x08001ff0   0x00000020   Code   RO         2767    i.NVIC_SetPriority  stm32f1xx_hal_cortex.o
    0x08002010   0x0000002c   Code   RO           20    i.ReadEEPROM        userfunc.o
    0x0800203c   0x00000028   Code   RO           21    i.RecordInEEPROM    userfunc.o
    0x08002064   0x00000200   Code   RO           22    i.Refresh_Set       userfunc.o
    0x08002264   0x00000004   Code   RO          525    i.SysTick_Handler   stm32f1xx_it.o
    0x08002268   0x00000068   Code   RO          235    i.SystemClock_Config  main.o
    0x080022d0   0x00000048   Code   RO         3183    i.SystemInit        system_stm32f1xx.o
    0x08002318   0x0000000c   Code   RO          526    i.TIM4_IRQHandler   stm32f1xx_it.o
    0x08002324   0x0000006c   Code   RO         1190    i.TIM_Base_SetConfig  stm32f1xx_hal_tim.o
    0x08002390   0x00000010   Code   RO         2006    i.UART_DMAAbortOnError  stm32f1xx_hal_uart.o
    0x080023a0   0x0000004a   Code   RO         2007    i.UART_DMAError     stm32f1xx_hal_uart.o
    0x080023ea   0x0000003c   Code   RO         2008    i.UART_DMAReceiveCplt  stm32f1xx_hal_uart.o
    0x08002426   0x0000000a   Code   RO         2010    i.UART_DMARxHalfCplt  stm32f1xx_hal_uart.o
    0x08002430   0x0000002e   Code   RO         2012    i.UART_DMATransmitCplt  stm32f1xx_hal_uart.o
    0x0800245e   0x0000000a   Code   RO         2014    i.UART_DMATxHalfCplt  stm32f1xx_hal_uart.o
    0x08002468   0x0000001c   Code   RO         2016    i.UART_EndRxTransfer  stm32f1xx_hal_uart.o
    0x08002484   0x00000012   Code   RO         2017    i.UART_EndTxTransfer  stm32f1xx_hal_uart.o
    0x08002496   0x00000096   Code   RO         2018    i.UART_Receive_IT   stm32f1xx_hal_uart.o
    0x0800252c   0x00000170   Code   RO         2019    i.UART_SetConfig    stm32f1xx_hal_uart.o
    0x0800269c   0x00000062   Code   RO         2020    i.UART_Transmit_IT  stm32f1xx_hal_uart.o
    0x080026fe   0x00000002   PAD
    0x08002700   0x00000018   Code   RO          527    i.USART1_IRQHandler  stm32f1xx_it.o
    0x08002718   0x00000002   Code   RO          528    i.UsageFault_Handler  stm32f1xx_it.o
    0x0800271a   0x00000002   PAD
    0x0800271c   0x00000050   Code   RO          465    i.UsartReceive_IDLE  usart.o
    0x0800276c   0x00000002   Code   RO          236    i._Error_Handler    main.o
    0x0800276e   0x00000002   PAD
    0x08002770   0x00000030   Code   RO         4573    i.__0snprintf$6     mc_w.l(printf6.o)
    0x080027a0   0x0000000e   Code   RO         4718    i.__scatterload_copy  mc_w.l(handlers.o)
    0x080027ae   0x00000002   Code   RO         4719    i.__scatterload_null  mc_w.l(handlers.o)
    0x080027b0   0x0000000e   Code   RO         4720    i.__scatterload_zeroinit  mc_w.l(handlers.o)
    0x080027be   0x00000002   PAD
    0x080027c0   0x000002f0   Code   RO         4579    i._printf_core      mc_w.l(printf6.o)
    0x08002ab0   0x00000024   Code   RO         4580    i._printf_post_padding  mc_w.l(printf6.o)
    0x08002ad4   0x0000002e   Code   RO         4581    i._printf_pre_padding  mc_w.l(printf6.o)
    0x08002b02   0x00000016   Code   RO         4582    i._snputc           mc_w.l(printf6.o)
    0x08002b18   0x0000000c   Code   RO         4027    i.inHandlerMode     cmsis_os.o
    0x08002b24   0x00000048   Code   RO          237    i.main              main.o
    0x08002b6c   0x0000000c   Code   RO         4029    i.makeFreeRtosPriority  cmsis_os.o
    0x08002b78   0x00000002   Code   RO          357    i.myTimer1s_Callback  freertos.o
    0x08002b7a   0x0000000e   Code   RO         4031    i.osDelay           cmsis_os.o
    0x08002b88   0x0000000a   Code   RO         4034    i.osKernelStart     cmsis_os.o
    0x08002b92   0x00000026   Code   RO         4060    i.osSemaphoreCreate  cmsis_os.o
    0x08002bb8   0x00000050   Code   RO         4063    i.osSemaphoreRelease  cmsis_os.o
    0x08002c08   0x00000068   Code   RO         4064    i.osSemaphoreWait   cmsis_os.o
    0x08002c70   0x00000014   Code   RO         4067    i.osSystickHandler  cmsis_os.o
    0x08002c84   0x0000002e   Code   RO         4068    i.osThreadCreate    cmsis_os.o
    0x08002cb2   0x00000002   PAD
    0x08002cb4   0x00000024   Code   RO         4079    i.osTimerCreate     cmsis_os.o
    0x08002cd8   0x00000070   Code   RO         3636    i.prvAddCurrentTaskToDelayedList  tasks.o
    0x08002d48   0x000000d0   Code   RO         3637    i.prvAddNewTaskToReadyList  tasks.o
    0x08002e18   0x00000050   Code   RO         3922    i.prvCheckForValidListAndQueue  timers.o
    0x08002e68   0x00000050   Code   RO         3638    i.prvCheckTasksWaitingTermination  tasks.o
    0x08002eb8   0x00000026   Code   RO         3490    i.prvCopyDataFromQueue  queue.o
    0x08002ede   0x0000006c   Code   RO         3491    i.prvCopyDataToQueue  queue.o
    0x08002f4a   0x00000014   Code   RO         3639    i.prvDeleteTCB      tasks.o
    0x08002f5e   0x00000002   PAD
    0x08002f60   0x0000004c   Code   RO         3217    i.prvHeapInit       heap_4.o
    0x08002fac   0x00000028   Code   RO         3640    i.prvIdleTask       tasks.o
    0x08002fd4   0x0000008e   Code   RO         3641    i.prvInitialiseNewTask  tasks.o
    0x08003062   0x00000002   PAD
    0x08003064   0x0000004c   Code   RO         3218    i.prvInsertBlockIntoFreeList  heap_4.o
    0x080030b0   0x00000038   Code   RO         3923    i.prvInsertTimerInActiveList  timers.o
    0x080030e8   0x0000001c   Code   RO         3492    i.prvIsQueueEmpty   queue.o
    0x08003104   0x000000b8   Code   RO         3924    i.prvProcessReceivedCommands  timers.o
    0x080031bc   0x000000b4   Code   RO         3925    i.prvProcessTimerOrBlockTask  timers.o
    0x08003270   0x00000020   Code   RO         3642    i.prvResetNextTaskUnblockTime  tasks.o
    0x08003290   0x00000028   Code   RO         3926    i.prvSampleTimeNow  timers.o
    0x080032b8   0x0000006c   Code   RO         3927    i.prvSwitchTimerLists  timers.o
    0x08003324   0x00000028   Code   RO         3288    i.prvTaskExitError  port.o
    0x0800334c   0x00000024   Code   RO         3928    i.prvTimerTask      timers.o
    0x08003370   0x0000006a   Code   RO         3493    i.prvUnlockQueue    queue.o
    0x080033da   0x00000002   PAD
    0x080033dc   0x000000d8   Code   RO         3219    i.pvPortMalloc      heap_4.o
    0x080034b4   0x00000018   Code   RO         3644    i.pvTaskIncrementMutexHeldCount  tasks.o
    0x080034cc   0x00000024   Code   RO         3289    i.pxPortInitialiseStack  port.o
    0x080034f0   0x00000024   Code   RO         3453    i.uxListRemove      list.o
    0x08003514   0x00000016   Code   RO         3454    i.vListInitialise   list.o
    0x0800352a   0x00000006   Code   RO         3455    i.vListInitialiseItem  list.o
    0x08003530   0x00000030   Code   RO         3456    i.vListInsert       list.o
    0x08003560   0x00000018   Code   RO         3457    i.vListInsertEnd    list.o
    0x08003578   0x00000040   Code   RO         3291    i.vPortEnterCritical  port.o
    0x080035b8   0x00000028   Code   RO         3292    i.vPortExitCritical  port.o
    0x080035e0   0x0000005c   Code   RO         3220    i.vPortFree         heap_4.o
    0x0800363c   0x00000020   Code   RO         3293    i.vPortSetupTimerInterrupt  port.o
    0x0800365c   0x00000054   Code   RO         3294    i.vPortValidateInterruptPriority  port.o
    0x080036b0   0x00000028   Code   RO         3497    i.vQueueAddToRegistry  queue.o
    0x080036d8   0x00000044   Code   RO         3500    i.vQueueWaitForMessageRestricted  queue.o
    0x0800371c   0x0000004c   Code   RO         3650    i.vTaskDelay        tasks.o
    0x08003768   0x0000000c   Code   RO         3653    i.vTaskMissedYield  tasks.o
    0x08003774   0x00000030   Code   RO         3655    i.vTaskPlaceOnEventList  tasks.o
    0x080037a4   0x00000038   Code   RO         3656    i.vTaskPlaceOnEventListRestricted  tasks.o
    0x080037dc   0x00000084   Code   RO         3658    i.vTaskPriorityInherit  tasks.o
    0x08003860   0x00000024   Code   RO         3661    i.vTaskSetTimeOutState  tasks.o
    0x08003884   0x00000070   Code   RO         3662    i.vTaskStartScheduler  tasks.o
    0x080038f4   0x00000010   Code   RO         3664    i.vTaskSuspendAll   tasks.o
    0x08003904   0x0000005c   Code   RO         3665    i.vTaskSwitchContext  tasks.o
    0x08003960   0x00000074   Code   RO         3295    i.xPortStartScheduler  port.o
    0x080039d4   0x0000002c   Code   RO         3296    i.xPortSysTickHandler  port.o
    0x08003a00   0x00000048   Code   RO         3502    i.xQueueGenericCreate  queue.o
    0x08003a48   0x0000016c   Code   RO         3503    i.xQueueGenericReceive  queue.o
    0x08003bb4   0x00000088   Code   RO         3504    i.xQueueGenericReset  queue.o
    0x08003c3c   0x00000160   Code   RO         3505    i.xQueueGenericSend  queue.o
    0x08003d9c   0x000000bc   Code   RO         3506    i.xQueueGenericSendFromISR  queue.o
    0x08003e58   0x0000009c   Code   RO         3507    i.xQueueGiveFromISR  queue.o
    0x08003ef4   0x0000009a   Code   RO         3511    i.xQueueReceiveFromISR  queue.o
    0x08003f8e   0x00000002   PAD
    0x08003f90   0x0000006c   Code   RO         3666    i.xTaskCheckForTimeOut  tasks.o
    0x08003ffc   0x00000056   Code   RO         3667    i.xTaskCreate       tasks.o
    0x08004052   0x00000002   PAD
    0x08004054   0x0000001c   Code   RO         3671    i.xTaskGetSchedulerState  tasks.o
    0x08004070   0x0000000c   Code   RO         3672    i.xTaskGetTickCount  tasks.o
    0x0800407c   0x000000c8   Code   RO         3674    i.xTaskIncrementTick  tasks.o
    0x08004144   0x00000098   Code   RO         3677    i.xTaskPriorityDisinherit  tasks.o
    0x080041dc   0x00000074   Code   RO         3678    i.xTaskRemoveFromEventList  tasks.o
    0x08004250   0x000000c4   Code   RO         3680    i.xTaskResumeAll    tasks.o
    0x08004314   0x0000004e   Code   RO         3931    i.xTimerCreate      timers.o
    0x08004362   0x00000002   PAD
    0x08004364   0x00000048   Code   RO         3932    i.xTimerCreateTimerTask  timers.o
    0x080043ac   0x00000060   Code   RO         3933    i.xTimerGenericCommand  timers.o
    0x0800440c   0x00000068   Data   RO          358    .constdata          freertos.o
    0x08004474   0x00000010   Data   RO         3184    .constdata          system_stm32f1xx.o
    0x08004484   0x00000008   Data   RO         3185    .constdata          system_stm32f1xx.o
    0x0800448c   0x00000069   Data   RO          359    .conststring        freertos.o
    0x080044f5   0x00000003   PAD
    0x080044f8   0x00000020   Data   RO         4716    Region$$Table       anon$$obj.o


    Execution Region RW_IRAM1 (Base: 0x20000000, Size: 0x000035b8, Max: 0x00005000, ABSOLUTE)

    Base Addr    Size         Type   Attr      Idx    E Section Name        Object

    0x20000000   0x00000028   Data   RW          360    .data               freertos.o
    0x20000028   0x0000000c   Data   RW         2317    .data               stm32f1xx_hal.o
    0x20000034   0x00000004   Data   RW         3186    .data               system_stm32f1xx.o
    0x20000038   0x00000018   Data   RW         3225    .data               heap_4.o
    0x20000050   0x0000000c   Data   RW         3297    .data               port.o
    0x2000005c   0x0000003c   Data   RW         3683    .data               tasks.o
    0x20000098   0x00000014   Data   RW         3939    .data               timers.o
    0x200000ac   0x00000130   Zero   RW           23    .bss                userfunc.o
    0x200001dc   0x00000054   Zero   RW          423    .bss                i2c.o
    0x20000230   0x00000100   Zero   RW          467    .bss                usart.o
    0x20000330   0x000004cc   Zero   RW          468    .bss                usart.o
    0x200007fc   0x00000040   Zero   RW          633    .bss                stm32f1xx_hal_timebase_tim.o
    0x2000083c   0x00000004   PAD
    0x20000840   0x00000020   Zero   RW         3008    .bss                stm32f1xx_hal_flash.o
    0x20000860   0x00002800   Zero   RW         3224    .bss                heap_4.o
    0x20003060   0x00000040   Zero   RW         3512    .bss                queue.o
    0x200030a0   0x000000f0   Zero   RW         3682    .bss                tasks.o
    0x20003190   0x00000028   Zero   RW         3938    .bss                timers.o
    0x200031b8   0x00000400   Zero   RW            1    STACK               startup_stm32f103xb.o


==============================================================================

Image component sizes


      Code (inc. data)   RO Data    RW Data    ZI Data      Debug   Object Name

       372         16          0          0          0      18267   cmsis_os.o
        60          4          0          0          0        734   dma.o
         0          0          0          0          0       8080   event_groups.o
       550         44        209         40          0       5512   freertos.o
        60          6          0          0          0        783   gpio.o
       460         24          0         24      10240      14199   heap_4.o
       152         44          0          0         84       1557   i2c.o
       136          0          0          0          0       3370   list.o
       198         14          0          0          0       2489   main.o
       606         72          0         12          0      10981   port.o
      1810         20          0          0         64      16532   queue.o
        36          8        236          0       1024        800   startup_stm32f103xb.o
       100         18          0         12          0       3158   stm32f1xx_hal.o
       218         14          0          0          0      26321   stm32f1xx_hal_cortex.o
       794         36          0          0          0       4878   stm32f1xx_hal_dma.o
       392         46          0          0         32       4694   stm32f1xx_hal_flash.o
       240         26          0          0          0       3229   stm32f1xx_hal_flash_ex.o
       444         36          0          0          0       2248   stm32f1xx_hal_gpio.o
       320         18          0          0          0       2911   stm32f1xx_hal_i2c.o
       144         10          0          0          0        902   stm32f1xx_hal_msp.o
      1360        114          0          0          0       6233   stm32f1xx_hal_rcc.o
       554         14          0          0          0       6686   stm32f1xx_hal_tim.o
         4          0          0          0          0       1546   stm32f1xx_hal_tim_ex.o
       116         16          0          0         64       1436   stm32f1xx_hal_timebase_tim.o
      1626         38          0          0          0      13753   stm32f1xx_hal_uart.o
        76         24          0          0          0       4683   stm32f1xx_it.o
        72         16         24          4          0       1151   system_stm32f1xx.o
      2136        182          0         60        240      22983   tasks.o
       930         78          0         20         40      10650   timers.o
       376         72          0          0       1484       3106   usart.o
      1630        548          0          0        304     472558   userfunc.o

    ----------------------------------------------------------------------
     16004       1558        504        172      13580     676430   Object Totals
         0          0         32          0          0          0   (incl. Generated)
        32          0          3          0          4          0   (incl. Padding)

    ----------------------------------------------------------------------

      Code (inc. data)   RO Data    RW Data    ZI Data      Debug   Library Member Name

         0          0          0          0          0          0   entry.o
         0          0          0          0          0          0   entry10a.o
         0          0          0          0          0          0   entry11a.o
         8          4          0          0          0          0   entry2.o
         4          0          0          0          0          0   entry5.o
         0          0          0          0          0          0   entry7b.o
         0          0          0          0          0          0   entry8b.o
         8          4          0          0          0          0   entry9a.o
        30          0          0          0          0          0   handlers.o
        36          8          0          0          0         68   init.o
        32          0          0          0          0         68   llushr.o
        36          0          0          0          0         68   memcpya.o
        36          0          0          0          0        108   memseta.o
       904          8          0          0          0        420   printf6.o
        14          0          0          0          0         68   strlen.o
        24          0          0          0          0         76   strncpy.o
        44          0          0          0          0         80   uidiv.o

    ----------------------------------------------------------------------
      1180         24          0          0          0        956   Library Totals
         4          0          0          0          0          0   (incl. Padding)

    ----------------------------------------------------------------------

      Code (inc. data)   RO Data    RW Data    ZI Data      Debug   Library Name

      1176         24          0          0          0        956   mc_w.l

    ----------------------------------------------------------------------
      1180         24          0          0          0        956   Library Totals

    ----------------------------------------------------------------------

==============================================================================


      Code (inc. data)   RO Data    RW Data    ZI Data      Debug   

     17184       1582        504        172      13580     667918   Grand Totals
     17184       1582        504        172      13580     667918   ELF Image Totals
     17184       1582        504        172          0          0   ROM Totals

==============================================================================

    Total RO  Size (Code + RO Data)                17688 (  17.27kB)
    Total RW  Size (RW Data + ZI Data)             13752 (  13.43kB)
    Total ROM Size (Code + RO Data + RW Data)      17860 (  17.44kB)

==============================================================================

